Component: ARM Compiler 5.05 update 1 (build 106) Tool: armlink [4d0efa]

==============================================================================

Section Cross References

    main.o(i.main) refers to stm32f4_discovery.o(i.STM_EVAL_LEDInit) for STM_EVAL_LEDInit
    main.o(i.main) refers to stm32f4_discovery.o(i.STM_EVAL_LEDOn) for STM_EVAL_LEDOn
    main.o(i.main) refers to stm32f4xx_rcc.o(i.RCC_GetClocksFreq) for RCC_GetClocksFreq
    main.o(i.main) refers to stm32f4_discovery.o(i.STM_EVAL_PBInit) for STM_EVAL_PBInit
    main.o(i.main) refers to headphone.o(i.WavePlayBack) for WavePlayBack
    main.o(i.main) refers to main.o(.bss) for .bss
    stm32f4xx_it.o(i.EXTI0_IRQHandler) refers to stm32f4xx_exti.o(i.EXTI_GetITStatus) for EXTI_GetITStatus
    stm32f4xx_it.o(i.EXTI0_IRQHandler) refers to stm32f4xx_exti.o(i.EXTI_ClearITPendingBit) for EXTI_ClearITPendingBit
    stm32f4xx_it.o(i.EXTI0_IRQHandler) refers to stm32f4xx_it.o(.data) for .data
    stm32f4xx_it.o(i.EXTI0_IRQHandler) refers to main.o(.data) for user_mode
    stm32f4xx_it.o(i.EXTI1_IRQHandler) refers to stm32f4xx_exti.o(i.EXTI_GetITStatus) for EXTI_GetITStatus
    stm32f4xx_it.o(i.EXTI1_IRQHandler) refers to stm32f4_discovery.o(i.STM_EVAL_LEDToggle) for STM_EVAL_LEDToggle
    stm32f4xx_it.o(i.EXTI1_IRQHandler) refers to stm32f4xx_exti.o(i.EXTI_ClearITPendingBit) for EXTI_ClearITPendingBit
    stm32f4xx_it.o(i.SysTick_Handler) refers to stm32f4_discovery.o(i.STM_EVAL_LEDToggle) for STM_EVAL_LEDToggle
    stm32f4xx_it.o(i.SysTick_Handler) refers to stm32f4_discovery.o(i.STM_EVAL_LEDOn) for STM_EVAL_LEDOn
    stm32f4xx_it.o(i.SysTick_Handler) refers to stm32f4_discovery.o(i.STM_EVAL_LEDOff) for STM_EVAL_LEDOff
    stm32f4xx_it.o(i.SysTick_Handler) refers to stm32f4xx_it.o(.data) for .data
    stm32f4xx_it.o(i.SysTick_Handler) refers to main.o(.data) for user_mode
    system_stm32f4xx.o(i.SystemCoreClockUpdate) refers to system_stm32f4xx.o(.data) for .data
    headphone.o(i.EVAL_AUDIO_TransferComplete_CallBack) refers to stm32f4_discovery_audio_codec.o(i.Audio_MAL_Play) for Audio_MAL_Play
    headphone.o(i.EVAL_AUDIO_TransferComplete_CallBack) refers to headphone.o(.data) for .data
    headphone.o(i.EVAL_AUDIO_TransferComplete_CallBack) refers to headphone.o(.bss) for .bss
    headphone.o(i.WavePlayBack) refers to microphone.o(i.WaveRecorderBeginSampling) for WaveRecorderBeginSampling
    headphone.o(i.WavePlayBack) refers to stm32f4_discovery_audio_codec.o(i.EVAL_AUDIO_SetAudioInterface) for EVAL_AUDIO_SetAudioInterface
    headphone.o(i.WavePlayBack) refers to stm32f4_discovery_audio_codec.o(i.EVAL_AUDIO_Init) for EVAL_AUDIO_Init
    headphone.o(i.WavePlayBack) refers to dsp.o(i.dsp) for dsp
    headphone.o(i.WavePlayBack) refers to stm32f4_discovery_audio_codec.o(i.Audio_MAL_Play) for Audio_MAL_Play
    headphone.o(i.WavePlayBack) refers to headphone.o(.data) for .data
    headphone.o(i.WavePlayBack) refers to headphone.o(.bss) for .bss
    headphone.o(i.WavePlayBack) refers to stm32f4xx_it.o(.data) for LED_Toggle
    headphone.o(i.WavePlayerInit) refers to stm32f4_discovery_audio_codec.o(i.EVAL_AUDIO_SetAudioInterface) for EVAL_AUDIO_SetAudioInterface
    headphone.o(i.WavePlayerInit) refers to stm32f4_discovery_audio_codec.o(i.EVAL_AUDIO_Init) for EVAL_AUDIO_Init
    headphone.o(i.WavePlayerInit) refers to headphone.o(.data) for .data
    headphone.o(i.WaveRecorderCallback) refers to stm32f4_discovery.o(i.STM_EVAL_LEDOff) for STM_EVAL_LEDOff
    headphone.o(i.WaveRecorderCallback) refers to stm32f4_discovery.o(i.STM_EVAL_LEDOn) for STM_EVAL_LEDOn
    headphone.o(i.WaveRecorderCallback) refers to headphone.o(.data) for .data
    headphone.o(i.WaveRecorderCallback) refers to headphone.o(.bss) for .bss
    microphone.o(i.SPI2_IRQHandler) refers to stm32f4xx_spi.o(i.SPI_I2S_GetITStatus) for SPI_I2S_GetITStatus
    microphone.o(i.SPI2_IRQHandler) refers to stm32f4xx_spi.o(i.SPI_I2S_ReceiveData) for SPI_I2S_ReceiveData
    microphone.o(i.SPI2_IRQHandler) refers to pdm_filter.o(.text) for PDM_Filter_64_LSB
    microphone.o(i.SPI2_IRQHandler) refers to headphone.o(i.WaveRecorderCallback) for WaveRecorderCallback
    microphone.o(i.SPI2_IRQHandler) refers to microphone.o(.bss) for .bss
    microphone.o(i.SPI2_IRQHandler) refers to microphone.o(.data) for .data
    microphone.o(i.WaveRecorderBeginSampling) refers to microphone.o(i.WaveRecorderInit) for WaveRecorderInit
    microphone.o(i.WaveRecorderBeginSampling) refers to stm32f4xx_spi.o(i.SPI_I2S_ITConfig) for SPI_I2S_ITConfig
    microphone.o(i.WaveRecorderBeginSampling) refers to stm32f4xx_spi.o(i.I2S_Cmd) for I2S_Cmd
    microphone.o(i.WaveRecorderBeginSampling) refers to microphone.o(.bss) for .bss
    microphone.o(i.WaveRecorderBeginSampling) refers to microphone.o(.data) for .data
    microphone.o(i.WaveRecorderInit) refers to pdm_filter.o(.text) for PDM_Filter_Init
[...]
    stm32f4_discovery_audio_codec.o(i.EVAL_AUDIO_DeInit) refers to stm32f4_discovery_audio_codec.o(.data) for .data
    stm32f4_discovery_audio_codec.o(i.EVAL_AUDIO_Init) refers to stm32f4xx_rcc.o(i.RCC_AHB1PeriphClockCmd) for RCC_AHB1PeriphClockCmd
    stm32f4_discovery_audio_codec.o(i.EVAL_AUDIO_Init) refers to stm32f4xx_gpio.o(i.GPIO_Init) for GPIO_Init
    stm32f4_discovery_audio_codec.o(i.EVAL_AUDIO_Init) refers to stm32f4xx_gpio.o(i.GPIO_PinAFConfig) for GPIO_PinAFConfig
    stm32f4_discovery_audio_codec.o(i.EVAL_AUDIO_Init) refers to stm32f4xx_gpio.o(i.GPIO_WriteBit) for GPIO_WriteBit
    stm32f4_discovery_audio_codec.o(i.EVAL_AUDIO_Init) refers to stm32f4xx_rcc.o(i.RCC_APB1PeriphClockCmd) for RCC_APB1PeriphClockCmd
    stm32f4_discovery_audio_codec.o(i.EVAL_AUDIO_Init) refers to stm32f4xx_i2c.o(i.I2C_DeInit) for I2C_DeInit
    stm32f4_discovery_audio_codec.o(i.EVAL_AUDIO_Init) refers to stm32f4xx_i2c.o(i.I2C_Cmd) for I2C_Cmd
    stm32f4_discovery_audio_codec.o(i.EVAL_AUDIO_Init) refers to stm32f4xx_i2c.o(i.I2C_Init) for I2C_Init
    stm32f4_discovery_audio_codec.o(i.EVAL_AUDIO_Init) refers to stm32f4_discovery_audio_codec.o(i.Codec_WriteRegister) for Codec_WriteRegister
    stm32f4_discovery_audio_codec.o(i.EVAL_AUDIO_Init) refers to stm32f4xx_spi.o(i.SPI_I2S_DeInit) for SPI_I2S_DeInit
    stm32f4_discovery_audio_codec.o(i.EVAL_AUDIO_Init) refers to stm32f4xx_spi.o(i.I2S_Init) for I2S_Init
    stm32f4_discovery_audio_codec.o(i.EVAL_AUDIO_Init) refers to stm32f4xx_dac.o(i.DAC_Init) for DAC_Init
    stm32f4_discovery_audio_codec.o(i.EVAL_AUDIO_Init) refers to stm32f4xx_dac.o(i.DAC_Cmd) for DAC_Cmd
    stm32f4_discovery_audio_codec.o(i.EVAL_AUDIO_Init) refers to stm32f4xx_dma.o(i.DMA_Cmd) for DMA_Cmd
    stm32f4_discovery_audio_codec.o(i.EVAL_AUDIO_Init) refers to stm32f4xx_dma.o(i.DMA_DeInit) for DMA_DeInit
    stm32f4_discovery_audio_codec.o(i.EVAL_AUDIO_Init) refers to stm32f4xx_dma.o(i.DMA_Init) for DMA_Init
    stm32f4_discovery_audio_codec.o(i.EVAL_AUDIO_Init) refers to stm32f4xx_dma.o(i.DMA_ITConfig) for DMA_ITConfig
    stm32f4_discovery_audio_codec.o(i.EVAL_AUDIO_Init) refers to misc.o(i.NVIC_Init) for NVIC_Init
    stm32f4_discovery_audio_codec.o(i.EVAL_AUDIO_Init) refers to stm32f4xx_spi.o(i.SPI_I2S_ITConfig) for SPI_I2S_ITConfig
    stm32f4_discovery_audio_codec.o(i.EVAL_AUDIO_Init) refers to stm32f4xx_spi.o(i.SPI_I2S_DMACmd) for SPI_I2S_DMACmd
    stm32f4_discovery_audio_codec.o(i.EVAL_AUDIO_Init) refers to stm32f4_discovery_audio_codec.o(.data) for .data
    stm32f4_discovery_audio_codec.o(i.EVAL_AUDIO_Init) refers to stm32f4_discovery_audio_codec.o(.bss) for .bss
    stm32f4_discovery_audio_codec.o(i.EVAL_AUDIO_Mute) refers to stm32f4_discovery_audio_codec.o(i.Codec_WriteRegister) for Codec_WriteRegister
    stm32f4_discovery_audio_codec.o(i.EVAL_AUDIO_Mute) refers to stm32f4_discovery_audio_codec.o(.data) for .data
    stm32f4_discovery_audio_codec.o(i.EVAL_AUDIO_PauseResume) refers to stm32f4_discovery_audio_codec.o(i.Codec_WriteRegister) for Codec_WriteRegister
    stm32f4_discovery_audio_codec.o(i.EVAL_AUDIO_PauseResume) refers to stm32f4xx_spi.o(i.SPI_I2S_DMACmd) for SPI_I2S_DMACmd
    stm32f4_discovery_audio_codec.o(i.EVAL_AUDIO_PauseResume) refers to stm32f4xx_dma.o(i.DMA_Cmd) for DMA_Cmd
    stm32f4_discovery_audio_codec.o(i.EVAL_AUDIO_PauseResume) refers to stm32f4xx_spi.o(i.I2S_Cmd) for I2S_Cmd
    stm32f4_discovery_audio_codec.o(i.EVAL_AUDIO_PauseResume) refers to stm32f4_discovery_audio_codec.o(.data) for .data
    stm32f4_discovery_audio_codec.o(i.EVAL_AUDIO_Play) refers to stm32f4xx_dma.o(i.DMA_Init) for DMA_Init
    stm32f4_discovery_audio_codec.o(i.EVAL_AUDIO_Play) refers to stm32f4xx_dma.o(i.DMA_Cmd) for DMA_Cmd
    stm32f4_discovery_audio_codec.o(i.EVAL_AUDIO_Play) refers to stm32f4xx_spi.o(i.I2S_Cmd) for I2S_Cmd
    stm32f4_discovery_audio_codec.o(i.EVAL_AUDIO_Play) refers to stm32f4_discovery_audio_codec.o(.data) for .data
    stm32f4_discovery_audio_codec.o(i.EVAL_AUDIO_Play) refers to stm32f4_discovery_audio_codec.o(.bss) for .bss
    stm32f4_discovery_audio_codec.o(i.EVAL_AUDIO_SetAudioInterface) refers to stm32f4_discovery_audio_codec.o(.data) for .data
    stm32f4_discovery_audio_codec.o(i.EVAL_AUDIO_Stop) refers to stm32f4_discovery_audio_codec.o(i.Codec_WriteRegister) for Codec_WriteRegister
    stm32f4_discovery_audio_codec.o(i.EVAL_AUDIO_Stop) refers to stm32f4xx_gpio.o(i.GPIO_WriteBit) for GPIO_WriteBit
    stm32f4_discovery_audio_codec.o(i.EVAL_AUDIO_Stop) refers to stm32f4xx_dma.o(i.DMA_Cmd) for DMA_Cmd
    stm32f4_discovery_audio_codec.o(i.EVAL_AUDIO_Stop) refers to stm32f4xx_dma.o(i.DMA_ClearFlag) for DMA_ClearFlag
    stm32f4_discovery_audio_codec.o(i.EVAL_AUDIO_Stop) refers to stm32f4xx_spi.o(i.I2S_Cmd) for I2S_Cmd
    stm32f4_discovery_audio_codec.o(i.EVAL_AUDIO_Stop) refers to stm32f4_discovery_audio_codec.o(.data) for .data
    stm32f4_discovery_audio_codec.o(i.EVAL_AUDIO_VolumeCtl) refers to stm32f4_discovery_audio_codec.o(i.Codec_WriteRegister) for Codec_WriteRegister
    stm32f4_discovery_audio_codec.o(i.SPI3_IRQHandler) refers to stm32f4xx_spi.o(i.SPI_I2S_GetFlagStatus) for SPI_I2S_GetFlagStatus
    stm32f4_discovery_audio_codec.o(i.SPI3_IRQHandler) refers to headphone.o(i.EVAL_AUDIO_GetSampleCallBack) for EVAL_AUDIO_GetSampleCallBack
    stm32f4_discovery_audio_codec.o(i.SPI3_IRQHandler) refers to stm32f4xx_dac.o(i.DAC_SetChannel1Data) for DAC_SetChannel1Data
    stm32f4_discovery_audio_codec.o(i.SPI3_IRQHandler) refers to stm32f4xx_spi.o(i.SPI_I2S_SendData) for SPI_I2S_SendData
    stm32f4_discovery_audio_codec.o(i.SPI3_IRQHandler) refers to stm32f4_discovery_audio_codec.o(.data) for .data
    stm32f4xx_syscfg.o(i.SYSCFG_DeInit) refers to stm32f4xx_rcc.o(i.RCC_APB2PeriphResetCmd) for RCC_APB2PeriphResetCmd
    stm32f4xx_dac.o(i.DAC_DeInit) refers to stm32f4xx_rcc.o(i.RCC_APB1PeriphResetCmd) for RCC_APB1PeriphResetCmd
    stm32f4xx_gpio.o(i.GPIO_DeInit) refers to stm32f4xx_rcc.o(i.RCC_AHB1PeriphResetCmd) for RCC_AHB1PeriphResetCmd
    stm32f4xx_i2c.o(i.I2C_DeInit) refers to stm32f4xx_rcc.o(i.RCC_APB1PeriphResetCmd) for RCC_APB1PeriphResetCmd
    stm32f4xx_i2c.o(i.I2C_Init) refers to stm32f4xx_rcc.o(i.RCC_GetClocksFreq) for RCC_GetClocksFreq
    stm32f4xx_rcc.o(i.RCC_GetClocksFreq) refers to stm32f4xx_rcc.o(.data) for .data
    stm32f4xx_spi.o(i.SPI_I2S_DeInit) refers to stm32f4xx_rcc.o(i.RCC_APB1PeriphResetCmd) for RCC_APB1PeriphResetCmd
    stm32f4xx_spi.o(i.SPI_I2S_DeInit) refers to stm32f4xx_rcc.o(i.RCC_APB2PeriphResetCmd) for RCC_APB2PeriphResetCmd
    stm32f4xx_rng.o(i.RNG_DeInit) refers to stm32f4xx_rcc.o(i.RCC_AHB2PeriphResetCmd) for RCC_AHB2PeriphResetCmd
    startup_stm32f4xx.o(RESET) refers to startup_stm32f4xx.o(STACK) for __initial_sp
    startup_stm32f4xx.o(RESET) refers to startup_stm32f4xx.o(.text) for Reset_Handler
    startup_stm32f4xx.o(RESET) refers to stm32f4xx_it.o(i.NMI_Handler) for NMI_Handler
    startup_stm32f4xx.o(RESET) refers to stm32f4xx_it.o(i.HardFault_Handler) for HardFault_Handler
    startup_stm32f4xx.o(RESET) refers to stm32f4xx_it.o(i.MemManage_Handler) for MemManage_Handler
    startup_stm32f4xx.o(RESET) refers to stm32f4xx_it.o(i.BusFault_Handler) for BusFault_Handler
    startup_stm32f4xx.o(RESET) refers to stm32f4xx_it.o(i.UsageFault_Handler) for UsageFault_Handler
    startup_stm32f4xx.o(RESET) refers to stm32f4xx_it.o(i.SVC_Handler) for SVC_Handler
    startup_stm32f4xx.o(RESET) refers to stm32f4xx_it.o(i.DebugMon_Handler) for DebugMon_Handler
    startup_stm32f4xx.o(RESET) refers to stm32f4xx_it.o(i.PendSV_Handler) for PendSV_Handler
    startup_stm32f4xx.o(RESET) refers to stm32f4xx_it.o(i.SysTick_Handler) for SysTick_Handler
    startup_stm32f4xx.o(RESET) refers to stm32f4xx_it.o(i.EXTI0_IRQHandler) for EXTI0_IRQHandler
    startup_stm32f4xx.o(RESET) refers to stm32f4xx_it.o(i.EXTI1_IRQHandler) for EXTI1_IRQHandler
    startup_stm32f4xx.o(RESET) refers to stm32f4_discovery_audio_codec.o(i.DMA1_Stream0_IRQHandler) for DMA1_Stream0_IRQHandler
    startup_stm32f4xx.o(RESET) refers to microphone.o(i.SPI2_IRQHandler) for SPI2_IRQHandler
    startup_stm32f4xx.o(RESET) refers to stm32f4_discovery_audio_codec.o(i.DMA1_Stream7_IRQHandler) for DMA1_Stream7_IRQHandler
    startup_stm32f4xx.o(RESET) refers to stm32f4_discovery_audio_codec.o(i.SPI3_IRQHandler) for SPI3_IRQHandler
    startup_stm32f4xx.o(.text) refers to system_stm32f4xx.o(i.SystemInit) for SystemInit
    startup_stm32f4xx.o(.text) refers to entry.o(.ARM.Collect$$$$00000000) for __main
    pdm_filter.o(.text) refers to dfltui.o(.text) for __aeabi_ui2d
    pdm_filter.o(.text) refers to ddiv.o(.text) for __aeabi_ddiv
    pdm_filter.o(.text) refers to f2d.o(.text) for __aeabi_f2d
    pdm_filter.o(.text) refers to dadd.o(.text) for __aeabi_dadd
    pdm_filter.o(.text) refers to fscalb.o(.text) for __ARM_scalbnf
    pdm_filter.o(.text) refers to dfixui.o(.text) for __aeabi_d2uiz
    pdm_filter.o(.text) refers to dmul.o(.text) for __aeabi_dmul
    pdm_filter.o(.text) refers to pdm_filter.o(.data) for .data
    arm_fir_init_q15.o(.text) refers to memseta.o(.text) for __aeabi_memclr
    entry.o(.ARM.Collect$$$$00000000) refers (Special) to entry10a.o(.ARM.Collect$$$$0000000D) for __rt_final_cpp
    entry.o(.ARM.Collect$$$$00000000) refers (Special) to entry11a.o(.ARM.Collect$$$$0000000F) for __rt_final_exit
    entry.o(.ARM.Collect$$$$00000000) refers (Special) to entry7b.o(.ARM.Collect$$$$00000008) for _main_clock
    entry.o(.ARM.Collect$$$$00000000) refers (Special) to entry8b.o(.ARM.Collect$$$$0000000A) for _main_cpp_init
    entry.o(.ARM.Collect$$$$00000000) refers (Special) to entry9a.o(.ARM.Collect$$$$0000000B) for _main_init
    entry.o(.ARM.Collect$$$$00000000) refers (Special) to entry5.o(.ARM.Collect$$$$00000004) for _main_scatterload
    entry.o(.ARM.Collect$$$$00000000) refers (Special) to entry2.o(.ARM.Collect$$$$00000001) for _main_stk
    fscalb.o(.text) refers (Special) to iusefp.o(.text) for __I$use$fp
    dadd.o(.text) refers (Special) to iusefp.o(.text) for __I$use$fp
    dadd.o(.text) refers to llshl.o(.text) for __aeabi_llsl
    dadd.o(.text) refers to llsshr.o(.text) for __aeabi_lasr
    dadd.o(.text) refers to depilogue.o(.text) for _double_epilogue
    dmul.o(.text) refers (Special) to iusefp.o(.text) for __I$use$fp
    dmul.o(.text) refers to depilogue.o(.text) for _double_epilogue
    ddiv.o(.text) refers (Special) to iusefp.o(.text) for __I$use$fp
    ddiv.o(.text) refers to depilogue.o(.text) for _double_round
    dfltui.o(.text) refers (Special) to iusefp.o(.text) for __I$use$fp
    dfltui.o(.text) refers to depilogue.o(.text) for _double_epilogue
    dfixui.o(.text) refers (Special) to iusefp.o(.text) for __I$use$fp
    dfixui.o(.text) refers to llushr.o(.text) for __aeabi_llsr
    f2d.o(.text) refers (Special) to iusefp.o(.text) for __I$use$fp
    entry2.o(.ARM.Collect$$$$00000001) refers to entry2.o(.ARM.Collect$$$$00002712) for __lit__00000000
    entry2.o(.ARM.Collect$$$$00002712) refers to startup_stm32f4xx.o(STACK) for __initial_sp
    entry2.o(__vectab_stack_and_reset_area) refers to startup_stm32f4xx.o(STACK) for __initial_sp
    entry2.o(__vectab_stack_and_reset_area) refers to entry.o(.ARM.Collect$$$$00000000) for __main
    entry5.o(.ARM.Collect$$$$00000004) refers to init.o(.text) for __scatterload
    entry9a.o(.ARM.Collect$$$$0000000B) refers to main.o(i.main) for main
    entry9b.o(.ARM.Collect$$$$0000000C) refers to main.o(i.main) for main
    depilogue.o(.text) refers to llshl.o(.text) for __aeabi_llsl
    depilogue.o(.text) refers to llushr.o(.text) for __aeabi_llsr
    init.o(.text) refers to entry5.o(.ARM.Collect$$$$00000004) for __main_after_scatterload


==============================================================================

Removing Unused input sections from the image.

    Removing main.o(.emb_text), (8 bytes).
    Removing stm32f4xx_it.o(.emb_text), (8 bytes).
    Removing system_stm32f4xx.o(.emb_text), (8 bytes).
    Removing system_stm32f4xx.o(i.SystemCoreClockUpdate), (132 bytes).
    Removing system_stm32f4xx.o(.data), (20 bytes).
    Removing headphone.o(.emb_text), (8 bytes).
    Removing headphone.o(i.EVAL_AUDIO_Error_CallBack), (2 bytes).
    Removing headphone.o(i.EVAL_AUDIO_HalfTransfer_CallBack), (2 bytes).
    Removing headphone.o(i.WavePlayerInit), (32 bytes).
    Removing microphone.o(.emb_text), (8 bytes).
    Removing microphone.o(i.WaveRecorderStart), (52 bytes).
    Removing dsp.o(.emb_text), (8 bytes).
    Removing dsp.o(i.initFilter), (76 bytes).
    Removing stm32f4_discovery.o(.emb_text), (8 bytes).
    Removing stm32f4_discovery.o(i.STM_EVAL_PBGetState), (24 bytes).
    Removing stm32f4_discovery.o(.data), (4 bytes).
    Removing stm32f4_discovery_audio_codec.o(.emb_text), (8 bytes).
    Removing stm32f4_discovery_audio_codec.o(i.Codec_TIMEOUT_UserCallback), (2 bytes).
    Removing stm32f4_discovery_audio_codec.o(i.DAC_Config), (80 bytes).
    Removing stm32f4_discovery_audio_codec.o(i.EVAL_AUDIO_DeInit), (228 bytes).
    Removing stm32f4_discovery_audio_codec.o(i.EVAL_AUDIO_Mute), (28 bytes).
    Removing stm32f4_discovery_audio_codec.o(i.EVAL_AUDIO_PauseResume), (140 bytes).
    Removing stm32f4_discovery_audio_codec.o(i.EVAL_AUDIO_Play), (148 bytes).
    Removing stm32f4_discovery_audio_codec.o(i.EVAL_AUDIO_Stop), (128 bytes).
    Removing stm32f4_discovery_audio_codec.o(i.EVAL_AUDIO_VolumeCtl), (82 bytes).
    Removing stm32f4_discovery_audio_codec.o(.bss), (60 bytes).
    Removing misc.o(.emb_text), (8 bytes).
    Removing misc.o(i.NVIC_SetVectorTable), (20 bytes).
    Removing misc.o(i.NVIC_SystemLPConfig), (24 bytes).
    Removing misc.o(i.SysTick_CLKSourceConfig), (22 bytes).
    Removing stm32f4xx_syscfg.o(.emb_text), (8 bytes).
    Removing stm32f4xx_syscfg.o(i.SYSCFG_CompensationCellCmd), (12 bytes).
    Removing stm32f4xx_syscfg.o(i.SYSCFG_DeInit), (24 bytes).
    Removing stm32f4xx_syscfg.o(i.SYSCFG_ETH_MediaInterfaceConfig), (12 bytes).
    Removing stm32f4xx_syscfg.o(i.SYSCFG_GetCompensationCellStatus), (20 bytes).
    Removing stm32f4xx_syscfg.o(i.SYSCFG_MemoryRemapConfig), (12 bytes).
    Removing stm32f4xx_dac.o(.emb_text), (8 bytes).
    Removing stm32f4xx_dac.o(i.DAC_ClearFlag), (16 bytes).
    Removing stm32f4xx_dac.o(i.DAC_ClearITPendingBit), (16 bytes).
    Removing stm32f4xx_dac.o(i.DAC_DMACmd), (28 bytes).
    Removing stm32f4xx_dac.o(i.DAC_DeInit), (24 bytes).
    Removing stm32f4xx_dac.o(i.DAC_DualSoftwareTriggerCmd), (24 bytes).
    Removing stm32f4xx_dac.o(i.DAC_GetDataOutputValue), (24 bytes).
    Removing stm32f4xx_dac.o(i.DAC_GetFlagStatus), (24 bytes).
    Removing stm32f4xx_dac.o(i.DAC_GetITStatus), (40 bytes).
    Removing stm32f4xx_dac.o(i.DAC_ITConfig), (28 bytes).
    Removing stm32f4xx_dac.o(i.DAC_SetChannel2Data), (22 bytes).
    Removing stm32f4xx_dac.o(i.DAC_SetDualChannelData), (24 bytes).
    Removing stm32f4xx_dac.o(i.DAC_SoftwareTriggerCmd), (32 bytes).
    Removing stm32f4xx_dac.o(i.DAC_StructInit), (12 bytes).
    Removing stm32f4xx_dac.o(i.DAC_WaveGenerationCmd), (28 bytes).
    Removing stm32f4xx_dma.o(.emb_text), (8 bytes).
    Removing stm32f4xx_dma.o(i.DMA_ClearITPendingBit), (44 bytes).
    Removing stm32f4xx_dma.o(i.DMA_DoubleBufferModeCmd), (18 bytes).
    Removing stm32f4xx_dma.o(i.DMA_DoubleBufferModeConfig), (20 bytes).
    Removing stm32f4xx_dma.o(i.DMA_FlowControllerConfig), (18 bytes).
    Removing stm32f4xx_dma.o(i.DMA_GetCurrDataCounter), (6 bytes).
    Removing stm32f4xx_dma.o(i.DMA_GetCurrentMemoryTarget), (16 bytes).
    Removing stm32f4xx_dma.o(i.DMA_GetFIFOStatus), (8 bytes).
    Removing stm32f4xx_dma.o(i.DMA_GetITStatus), (96 bytes).
    Removing stm32f4xx_dma.o(i.DMA_MemoryTargetConfig), (10 bytes).
    Removing stm32f4xx_dma.o(i.DMA_PeriphIncOffsetSizeConfig), (18 bytes).
    Removing stm32f4xx_dma.o(i.DMA_SetCurrDataCounter), (4 bytes).
    Removing stm32f4xx_dma.o(i.DMA_StructInit), (34 bytes).
    Removing stm32f4xx_gpio.o(.emb_text), (8 bytes).
    Removing stm32f4xx_gpio.o(i.GPIO_DeInit), (244 bytes).
    Removing stm32f4xx_gpio.o(i.GPIO_PinLockConfig), (26 bytes).
    Removing stm32f4xx_gpio.o(i.GPIO_ReadInputData), (6 bytes).
    Removing stm32f4xx_gpio.o(i.GPIO_ReadInputDataBit), (14 bytes).
    Removing stm32f4xx_gpio.o(i.GPIO_ReadOutputData), (6 bytes).
    Removing stm32f4xx_gpio.o(i.GPIO_ReadOutputDataBit), (14 bytes).
    Removing stm32f4xx_gpio.o(i.GPIO_ResetBits), (4 bytes).
    Removing stm32f4xx_gpio.o(i.GPIO_SetBits), (4 bytes).
    Removing stm32f4xx_gpio.o(i.GPIO_StructInit), (18 bytes).
    Removing stm32f4xx_gpio.o(i.GPIO_ToggleBits), (8 bytes).
    Removing stm32f4xx_gpio.o(i.GPIO_Write), (4 bytes).
    Removing stm32f4xx_i2c.o(.emb_text), (8 bytes).
    Removing stm32f4xx_i2c.o(i.I2C_ARPCmd), (18 bytes).
    Removing stm32f4xx_i2c.o(i.I2C_CalculatePEC), (18 bytes).
    Removing stm32f4xx_i2c.o(i.I2C_ClearITPendingBit), (6 bytes).
    Removing stm32f4xx_i2c.o(i.I2C_DMACmd), (18 bytes).
    Removing stm32f4xx_i2c.o(i.I2C_DMALastTransferCmd), (18 bytes).
    Removing stm32f4xx_i2c.o(i.I2C_DualAddressCmd), (18 bytes).
    Removing stm32f4xx_i2c.o(i.I2C_FastModeDutyCycleConfig), (20 bytes).
    Removing stm32f4xx_i2c.o(i.I2C_GeneralCallCmd), (18 bytes).
    Removing stm32f4xx_i2c.o(i.I2C_GetITStatus), (34 bytes).
    Removing stm32f4xx_i2c.o(i.I2C_GetLastEvent), (14 bytes).
    Removing stm32f4xx_i2c.o(i.I2C_GetPEC), (6 bytes).
    Removing stm32f4xx_i2c.o(i.I2C_ITConfig), (16 bytes).
    Removing stm32f4xx_i2c.o(i.I2C_NACKPositionConfig), (20 bytes).
    Removing stm32f4xx_i2c.o(i.I2C_OwnAddress2Config), (16 bytes).
    Removing stm32f4xx_i2c.o(i.I2C_PECPositionConfig), (20 bytes).
    Removing stm32f4xx_i2c.o(i.I2C_ReadRegister), (12 bytes).
    Removing stm32f4xx_i2c.o(i.I2C_SMBusAlertConfig), (20 bytes).
    Removing stm32f4xx_i2c.o(i.I2C_SoftwareResetCmd), (18 bytes).
    Removing stm32f4xx_i2c.o(i.I2C_StretchClockCmd), (18 bytes).
    Removing stm32f4xx_i2c.o(i.I2C_StructInit), (28 bytes).
    Removing stm32f4xx_i2c.o(i.I2C_TransmitPEC), (18 bytes).
    Removing stm32f4xx_rcc.o(.emb_text), (8 bytes).
    Removing stm32f4xx_rcc.o(i.RCC_AHB1PeriphClockLPModeCmd), (24 bytes).
    Removing stm32f4xx_rcc.o(i.RCC_AHB1PeriphResetCmd), (24 bytes).
    Removing stm32f4xx_rcc.o(i.RCC_AHB2PeriphClockCmd), (24 bytes).
    Removing stm32f4xx_rcc.o(i.RCC_AHB2PeriphClockLPModeCmd), (24 bytes).
    Removing stm32f4xx_rcc.o(i.RCC_AHB2PeriphResetCmd), (24 bytes).
    Removing stm32f4xx_rcc.o(i.RCC_AHB3PeriphClockCmd), (24 bytes).
    Removing stm32f4xx_rcc.o(i.RCC_AHB3PeriphClockLPModeCmd), (24 bytes).
    Removing stm32f4xx_rcc.o(i.RCC_AHB3PeriphResetCmd), (24 bytes).
    Removing stm32f4xx_rcc.o(i.RCC_APB1PeriphClockLPModeCmd), (24 bytes).
    Removing stm32f4xx_rcc.o(i.RCC_APB2PeriphClockLPModeCmd), (24 bytes).
    Removing stm32f4xx_rcc.o(i.RCC_AdjustHSICalibrationValue), (20 bytes).
    Removing stm32f4xx_rcc.o(i.RCC_BackupResetCmd), (12 bytes).
    Removing stm32f4xx_rcc.o(i.RCC_ClearFlag), (16 bytes).
    Removing stm32f4xx_rcc.o(i.RCC_ClearITPendingBit), (12 bytes).
    Removing stm32f4xx_rcc.o(i.RCC_ClockSecuritySystemCmd), (12 bytes).
    Removing stm32f4xx_rcc.o(i.RCC_DeInit), (64 bytes).
    Removing stm32f4xx_rcc.o(i.RCC_GetFlagStatus), (56 bytes).
    Removing stm32f4xx_rcc.o(i.RCC_GetITStatus), (20 bytes).
    Removing stm32f4xx_rcc.o(i.RCC_GetSYSCLKSource), (16 bytes).
    Removing stm32f4xx_rcc.o(i.RCC_HCLKConfig), (20 bytes).
    Removing stm32f4xx_rcc.o(i.RCC_HSEConfig), (16 bytes).
    Removing stm32f4xx_rcc.o(i.RCC_HSICmd), (12 bytes).
    Removing stm32f4xx_rcc.o(i.RCC_I2SCLKConfig), (12 bytes).
    Removing stm32f4xx_rcc.o(i.RCC_ITConfig), (24 bytes).
    Removing stm32f4xx_rcc.o(i.RCC_LSEConfig), (28 bytes).
    Removing stm32f4xx_rcc.o(i.RCC_LSICmd), (12 bytes).
    Removing stm32f4xx_rcc.o(i.RCC_MCO1Config), (20 bytes).
    Removing stm32f4xx_rcc.o(i.RCC_MCO2Config), (20 bytes).
    Removing stm32f4xx_rcc.o(i.RCC_PCLK1Config), (20 bytes).
    Removing stm32f4xx_rcc.o(i.RCC_PCLK2Config), (20 bytes).
    Removing stm32f4xx_rcc.o(i.RCC_PLLCmd), (12 bytes).
    Removing stm32f4xx_rcc.o(i.RCC_PLLConfig), (40 bytes).
    Removing stm32f4xx_rcc.o(i.RCC_PLLI2SCmd), (12 bytes).
    Removing stm32f4xx_rcc.o(i.RCC_PLLI2SConfig), (16 bytes).
    Removing stm32f4xx_rcc.o(i.RCC_RTCCLKCmd), (12 bytes).
    Removing stm32f4xx_rcc.o(i.RCC_RTCCLKConfig), (52 bytes).
    Removing stm32f4xx_rcc.o(i.RCC_SYSCLKConfig), (20 bytes).
    Removing stm32f4xx_rcc.o(i.RCC_WaitForHSEStartUp), (56 bytes).
    Removing stm32f4xx_spi.o(.emb_text), (8 bytes).
    Removing stm32f4xx_spi.o(i.I2S_FullDuplexConfig), (64 bytes).
    Removing stm32f4xx_spi.o(i.I2S_StructInit), (18 bytes).
    Removing stm32f4xx_spi.o(i.SPI_BiDirectionalLineConfig), (20 bytes).
    Removing stm32f4xx_spi.o(i.SPI_CalculateCRC), (18 bytes).
    Removing stm32f4xx_spi.o(i.SPI_Cmd), (18 bytes).
    Removing stm32f4xx_spi.o(i.SPI_DataSizeConfig), (16 bytes).
    Removing stm32f4xx_spi.o(i.SPI_GetCRC), (10 bytes).
    Removing stm32f4xx_spi.o(i.SPI_GetCRCPolynomial), (4 bytes).
    Removing stm32f4xx_spi.o(i.SPI_I2S_ClearFlag), (6 bytes).
    Removing stm32f4xx_spi.o(i.SPI_I2S_ClearITPendingBit), (16 bytes).
    Removing stm32f4xx_spi.o(i.SPI_Init), (84 bytes).
    Removing stm32f4xx_spi.o(i.SPI_NSSInternalSoftwareConfig), (22 bytes).
    Removing stm32f4xx_spi.o(i.SPI_SSOutputCmd), (18 bytes).
    Removing stm32f4xx_spi.o(i.SPI_StructInit), (24 bytes).
    Removing stm32f4xx_spi.o(i.SPI_TIModeCmd), (18 bytes).
    Removing stm32f4xx_spi.o(i.SPI_TransmitCRC), (10 bytes).
    Removing stm32f4xx_exti.o(.emb_text), (8 bytes).
    Removing stm32f4xx_exti.o(i.EXTI_ClearFlag), (12 bytes).
    Removing stm32f4xx_exti.o(i.EXTI_DeInit), (40 bytes).
    Removing stm32f4xx_exti.o(i.EXTI_GenerateSWInterrupt), (16 bytes).
    Removing stm32f4xx_exti.o(i.EXTI_GetFlagStatus), (20 bytes).
    Removing stm32f4xx_exti.o(i.EXTI_StructInit), (14 bytes).
    Removing stm32f4xx_rng.o(.emb_text), (8 bytes).
    Removing stm32f4xx_rng.o(i.RNG_ClearFlag), (16 bytes).
    Removing stm32f4xx_rng.o(i.RNG_ClearITPendingBit), (16 bytes).
    Removing stm32f4xx_rng.o(i.RNG_Cmd), (24 bytes).
    Removing stm32f4xx_rng.o(i.RNG_DeInit), (22 bytes).
    Removing stm32f4xx_rng.o(i.RNG_GetFlagStatus), (20 bytes).
    Removing stm32f4xx_rng.o(i.RNG_GetITStatus), (20 bytes).
    Removing stm32f4xx_rng.o(i.RNG_GetRandomNumber), (12 bytes).
    Removing stm32f4xx_rng.o(i.RNG_ITConfig), (24 bytes).
    Removing startup_stm32f4xx.o(HEAP), (512 bytes).
    Removing arm_fir_fast_q15.o(.emb_text), (8 bytes).
    Removing arm_fir_init_q15.o(.emb_text), (8 bytes).
    Removing arm_copy_q15.o(.emb_text), (8 bytes).

173 unused section(s) (total 4936 bytes) removed from the image.

==============================================================================

Image Symbol Table

    Local Symbols

    Symbol Name                              Value     Ov Type        Size  Object(Section)

    ../clib/../cmprslib/zerorunl2.c          0x00000000   Number         0  __dczerorl2.o ABSOLUTE
    ../clib/microlib/init/entry.s            0x00000000   Number         0  entry5.o ABSOLUTE
    ../clib/microlib/init/entry.s            0x00000000   Number         0  entry11b.o ABSOLUTE
    ../clib/microlib/init/entry.s            0x00000000   Number         0  entry11a.o ABSOLUTE
    ../clib/microlib/init/entry.s            0x00000000   Number         0  entry10b.o ABSOLUTE
    ../clib/microlib/init/entry.s            0x00000000   Number         0  entry10a.o ABSOLUTE
    ../clib/microlib/init/entry.s            0x00000000   Number         0  entry2.o ABSOLUTE
    ../clib/microlib/init/entry.s            0x00000000   Number         0  entry9b.o ABSOLUTE
    ../clib/microlib/init/entry.s            0x00000000   Number         0  entry.o ABSOLUTE
    ../clib/microlib/init/entry.s            0x00000000   Number         0  entry9a.o ABSOLUTE
    ../clib/microlib/init/entry.s            0x00000000   Number         0  entry8b.o ABSOLUTE
    ../clib/microlib/init/entry.s            0x00000000   Number         0  entry8a.o ABSOLUTE
    ../clib/microlib/init/entry.s            0x00000000   Number         0  entry7b.o ABSOLUTE
    ../clib/microlib/init/entry.s            0x00000000   Number         0  entry7a.o ABSOLUTE
    ../clib/microlib/longlong.c              0x00000000   Number         0  llshl.o ABSOLUTE
    ../clib/microlib/longlong.c              0x00000000   Number         0  llushr.o ABSOLUTE
    ../clib/microlib/longlong.c              0x00000000   Number         0  llsshr.o ABSOLUTE
    ../clib/microlib/string/memset.c         0x00000000   Number         0  memseta.o ABSOLUTE
    ../clib/microlib/stubs.s                 0x00000000   Number         0  iusefp.o ABSOLUTE
    ../fplib/microlib/f2d.c                  0x00000000   Number         0  f2d.o ABSOLUTE
    ../fplib/microlib/fpadd.c                0x00000000   Number         0  dadd.o ABSOLUTE
    ../fplib/microlib/fpdiv.c                0x00000000   Number         0  ddiv.o ABSOLUTE
    ../fplib/microlib/fpepilogue.c           0x00000000   Number         0  depilogue.o ABSOLUTE
    ../fplib/microlib/fpfix.c                0x00000000   Number         0  dfixui.o ABSOLUTE
    ../fplib/microlib/fpflt.c                0x00000000   Number         0  dfltui.o ABSOLUTE
    ../fplib/microlib/fpmul.c                0x00000000   Number         0  dmul.o ABSOLUTE
    ../fplib/microlib/fpscalb.c              0x00000000   Number         0  fscalb.o ABSOLUTE
    ..\..\Libraries\CMSIS\ST\STM32F4xx\Source\Templates\arm\startup_stm32f4xx.s 0x00000000   Number         0  startup_stm32f4xx.o ABSOLUTE
    ..\..\Libraries\STM32F4xx_StdPeriph_Driver\src\misc.c 0x00000000   Number         0  misc.o ABSOLUTE
    ..\..\Libraries\STM32F4xx_StdPeriph_Driver\src\stm32f4xx_dac.c 0x00000000   Number         0  stm32f4xx_dac.o ABSOLUTE
    ..\..\Libraries\STM32F4xx_StdPeriph_Driver\src\stm32f4xx_dma.c 0x00000000   Number         0  stm32f4xx_dma.o ABSOLUTE
    ..\..\Libraries\STM32F4xx_StdPeriph_Driver\src\stm32f4xx_exti.c 0x00000000   Number         0  stm32f4xx_exti.o ABSOLUTE
    ..\..\Libraries\STM32F4xx_StdPeriph_Driver\src\stm32f4xx_gpio.c 0x00000000   Number         0  stm32f4xx_gpio.o ABSOLUTE
    ..\..\Libraries\STM32F4xx_StdPeriph_Driver\src\stm32f4xx_i2c.c 0x00000000   Number         0  stm32f4xx_i2c.o ABSOLUTE
    ..\..\Libraries\STM32F4xx_StdPeriph_Driver\src\stm32f4xx_rcc.c 0x00000000   Number         0  stm32f4xx_rcc.o ABSOLUTE
    ..\..\Libraries\STM32F4xx_StdPeriph_Driver\src\stm32f4xx_rng.c 0x00000000   Number         0  stm32f4xx_rng.o ABSOLUTE
    ..\..\Libraries\STM32F4xx_StdPeriph_Driver\src\stm32f4xx_spi.c 0x00000000   Number         0  stm32f4xx_spi.o ABSOLUTE
    ..\..\Libraries\STM32F4xx_StdPeriph_Driver\src\stm32f4xx_syscfg.c 0x00000000   Number         0  stm32f4xx_syscfg.o ABSOLUTE
    ..\..\Utilities\STM32F4-Discovery\stm32f4_discovery.c 0x00000000   Number         0  stm32f4_discovery.o ABSOLUTE
    ..\..\Utilities\STM32F4-Discovery\stm32f4_discovery_audio_codec.c 0x00000000   Number         0  stm32f4_discovery_audio_codec.o ABSOLUTE
    ..\FilteringFunctions\arm_fir_fast_q15.c 0x00000000   Number         0  arm_fir_fast_q15.o ABSOLUTE
    ..\FilteringFunctions\arm_fir_init_q15.c 0x00000000   Number         0  arm_fir_init_q15.o ABSOLUTE
    ..\SupportFunctions\arm_copy_q15.c       0x00000000   Number         0  arm_copy_q15.o ABSOLUTE
    ..\\..\\Libraries\\STM32F4xx_StdPeriph_Driver\\src\\misc.c 0x00000000   Number         0  misc.o ABSOLUTE
    ..\\..\\Libraries\\STM32F4xx_StdPeriph_Driver\\src\\stm32f4xx_dac.c 0x00000000   Number         0  stm32f4xx_dac.o ABSOLUTE
    ..\\..\\Libraries\\STM32F4xx_StdPeriph_Driver\\src\\stm32f4xx_dma.c 0x00000000   Number         0  stm32f4xx_dma.o ABSOLUTE
    ..\\..\\Libraries\\STM32F4xx_StdPeriph_Driver\\src\\stm32f4xx_exti.c 0x00000000   Number         0  stm32f4xx_exti.o ABSOLUTE
    ..\\..\\Libraries\\STM32F4xx_StdPeriph_Driver\\src\\stm32f4xx_gpio.c 0x00000000   Number         0  stm32f4xx_gpio.o ABSOLUTE
    ..\\..\\Libraries\\STM32F4xx_StdPeriph_Driver\\src\\stm32f4xx_i2c.c 0x00000000   Number         0  stm32f4xx_i2c.o ABSOLUTE
    ..\\..\\Libraries\\STM32F4xx_StdPeriph_Driver\\src\\stm32f4xx_rcc.c 0x00000000   Number         0  stm32f4xx_rcc.o ABSOLUTE
    ..\\..\\Libraries\\STM32F4xx_StdPeriph_Driver\\src\\stm32f4xx_rng.c 0x00000000   Number         0  stm32f4xx_rng.o ABSOLUTE
    ..\\..\\Libraries\\STM32F4xx_StdPeriph_Driver\\src\\stm32f4xx_spi.c 0x00000000   Number         0  stm32f4xx_spi.o ABSOLUTE
    ..\\..\\Libraries\\STM32F4xx_StdPeriph_Driver\\src\\stm32f4xx_syscfg.c 0x00000000   Number         0  stm32f4xx_syscfg.o ABSOLUTE
    ..\\..\\Utilities\\STM32F4-Discovery\\stm32f4_discovery.c 0x00000000   Number         0  stm32f4_discovery.o ABSOLUTE
    ..\\..\\Utilities\\STM32F4-Discovery\\stm32f4_discovery_audio_codec.c 0x00000000   Number         0  stm32f4_discovery_audio_codec.o ABSOLUTE
    ..\\FilteringFunctions\\arm_fir_fast_q15.c 0x00000000   Number         0  arm_fir_fast_q15.o ABSOLUTE
    ..\\FilteringFunctions\\arm_fir_init_q15.c 0x00000000   Number         0  arm_fir_init_q15.o ABSOLUTE
    ..\\SupportFunctions\\arm_copy_q15.c     0x00000000   Number         0  arm_copy_q15.o ABSOLUTE
    ..\\src\\dsp.c                           0x00000000   Number         0  dsp.o ABSOLUTE
    ..\\src\\headphone.c                     0x00000000   Number         0  headphone.o ABSOLUTE
    ..\\src\\main.c                          0x00000000   Number         0  main.o ABSOLUTE
    ..\\src\\microphone.c                    0x00000000   Number         0  microphone.o ABSOLUTE
    ..\\src\\stm32f4xx_it.c                  0x00000000   Number         0  stm32f4xx_it.o ABSOLUTE
    ..\\src\\system_stm32f4xx.c              0x00000000   Number         0  system_stm32f4xx.o ABSOLUTE
    ..\src\dsp.c                             0x00000000   Number         0  dsp.o ABSOLUTE
    ..\src\headphone.c                       0x00000000   Number         0  headphone.o ABSOLUTE
    ..\src\main.c                            0x00000000   Number         0  main.o ABSOLUTE
    ..\src\microphone.c                      0x00000000   Number         0  microphone.o ABSOLUTE
    ..\src\pdm_filter.c                      0x00000000   Number         0  pdm_filter.o ABSOLUTE
    ..\src\stm32f4xx_it.c                    0x00000000   Number         0  stm32f4xx_it.o ABSOLUTE
    ..\src\system_stm32f4xx.c                0x00000000   Number         0  system_stm32f4xx.o ABSOLUTE
    dc.s                                     0x00000000   Number         0  dc.o ABSOLUTE
    handlers.s                               0x00000000   Number         0  handlers.o ABSOLUTE
    init.s                                   0x00000000   Number         0  init.o ABSOLUTE
    RESET                                    0x08000000   Section      392  startup_stm32f4xx.o(RESET)
    .ARM.Collect$$$$00000000                 0x08000188   Section        0  entry.o(.ARM.Collect$$$$00000000)
    .ARM.Collect$$$$00000001                 0x08000188   Section        4  entry2.o(.ARM.Collect$$$$00000001)
    .ARM.Collect$$$$00000004                 0x0800018c   Section        4  entry5.o(.ARM.Collect$$$$00000004)
    .ARM.Collect$$$$00000008                 0x08000190   Section        0  entry7b.o(.ARM.Collect$$$$00000008)
    .ARM.Collect$$$$0000000A                 0x08000190   Section        0  entry8b.o(.ARM.Collect$$$$0000000A)
    .ARM.Collect$$$$0000000B                 0x08000190   Section        8  entry9a.o(.ARM.Collect$$$$0000000B)
    .ARM.Collect$$$$0000000D                 0x08000198   Section        0  entry10a.o(.ARM.Collect$$$$0000000D)
    .ARM.Collect$$$$0000000F                 0x08000198   Section        0  entry11a.o(.ARM.Collect$$$$0000000F)
    .ARM.Collect$$$$00002712                 0x08000198   Section        4  entry2.o(.ARM.Collect$$$$00002712)
    __lit__00000000                          0x08000198   Data           4  entry2.o(.ARM.Collect$$$$00002712)
    .text                                    0x0800019c   Section       36  startup_stm32f4xx.o(.text)
    $v0                                      0x0800019c   Number         0  startup_stm32f4xx.o(.text)
    .text                                    0x080001c0   Section        0  pdm_filter.o(.text)
    .text                                    0x08000dbc   Section        0  arm_fir_fast_q15.o(.text)
    .text                                    0x08000f9a   Section        0  arm_fir_init_q15.o(.text)
    .text                                    0x08000fc8   Section        0  arm_copy_q15.o(.text)
    .text                                    0x08001046   Section        0  memseta.o(.text)
    .text                                    0x0800106a   Section        0  fscalb.o(.text)
    .text                                    0x08001082   Section        0  dadd.o(.text)
    .text                                    0x080011d0   Section        0  dmul.o(.text)
    .text                                    0x080012b4   Section        0  ddiv.o(.text)
    .text                                    0x08001392   Section        0  dfltui.o(.text)
    .text                                    0x080013ac   Section        0  dfixui.o(.text)
    .text                                    0x080013de   Section        0  f2d.o(.text)
    .text                                    0x08001404   Section        0  llshl.o(.text)
    .text                                    0x08001422   Section        0  llushr.o(.text)
    .text                                    0x08001442   Section        0  llsshr.o(.text)
    .text                                    0x08001466   Section        0  depilogue.o(.text)
    .text                                    0x08001466   Section        0  iusefp.o(.text)
    .text                                    0x08001520   Section       36  init.o(.text)
    .text                                    0x08001544   Section        0  __dczerorl2.o(.text)
    i.Audio_MAL_IRQHandler                   0x0800159c   Section        0  stm32f4_discovery_audio_codec.o(i.Audio_MAL_IRQHandler)
    Audio_MAL_IRQHandler                     0x0800159d   Thumb Code   156  stm32f4_discovery_audio_codec.o(i.Audio_MAL_IRQHandler)
    i.Audio_MAL_Play                         0x08001640   Section        0  stm32f4_discovery_audio_codec.o(i.Audio_MAL_Play)
    i.BusFault_Handler                       0x080016a8   Section        0  stm32f4xx_it.o(i.BusFault_Handler)
    i.Codec_WriteRegister                    0x080016ac   Section        0  stm32f4_discovery_audio_codec.o(i.Codec_WriteRegister)
    Codec_WriteRegister                      0x080016ad   Thumb Code   632  stm32f4_discovery_audio_codec.o(i.Codec_WriteRegister)
    i.DAC_Cmd                                0x0800194c   Section        0  stm32f4xx_dac.o(i.DAC_Cmd)
    i.DAC_Init                               0x08001968   Section        0  stm32f4xx_dac.o(i.DAC_Init)
    i.DAC_SetChannel1Data                    0x0800199c   Section        0  stm32f4xx_dac.o(i.DAC_SetChannel1Data)
    i.DMA1_Stream0_IRQHandler                0x080019b2   Section        0  stm32f4_discovery_audio_codec.o(i.DMA1_Stream0_IRQHandler)
    i.DMA1_Stream7_IRQHandler                0x080019b6   Section        0  stm32f4_discovery_audio_codec.o(i.DMA1_Stream7_IRQHandler)
    i.DMA_ClearFlag                          0x080019bc   Section        0  stm32f4xx_dma.o(i.DMA_ClearFlag)
    i.DMA_Cmd                                0x080019e8   Section        0  stm32f4xx_dma.o(i.DMA_Cmd)
    i.DMA_DeInit                             0x080019fc   Section        0  stm32f4xx_dma.o(i.DMA_DeInit)
    i.DMA_GetCmdStatus                       0x08001b80   Section        0  stm32f4xx_dma.o(i.DMA_GetCmdStatus)
    i.DMA_GetFlagStatus                      0x08001b90   Section        0  stm32f4xx_dma.o(i.DMA_GetFlagStatus)
    i.DMA_ITConfig                           0x08001bc4   Section        0  stm32f4xx_dma.o(i.DMA_ITConfig)
    i.DMA_Init                               0x08001c04   Section        0  stm32f4xx_dma.o(i.DMA_Init)
    i.DebugMon_Handler                       0x08001c7c   Section        0  stm32f4xx_it.o(i.DebugMon_Handler)
    i.EVAL_AUDIO_GetSampleCallBack           0x08001c7e   Section        0  headphone.o(i.EVAL_AUDIO_GetSampleCallBack)
    i.EVAL_AUDIO_Init                        0x08001c84   Section        0  stm32f4_discovery_audio_codec.o(i.EVAL_AUDIO_Init)
    i.EVAL_AUDIO_SetAudioInterface           0x08002070   Section        0  stm32f4_discovery_audio_codec.o(i.EVAL_AUDIO_SetAudioInterface)
    i.EVAL_AUDIO_TransferComplete_CallBack   0x08002108   Section        0  headphone.o(i.EVAL_AUDIO_TransferComplete_CallBack)
    i.EXTI0_IRQHandler                       0x08002138   Section        0  stm32f4xx_it.o(i.EXTI0_IRQHandler)
    i.EXTI1_IRQHandler                       0x08002184   Section        0  stm32f4xx_it.o(i.EXTI1_IRQHandler)
    i.EXTI_ClearITPendingBit                 0x080021a4   Section        0  stm32f4xx_exti.o(i.EXTI_ClearITPendingBit)
    i.EXTI_GetITStatus                       0x080021b0   Section        0  stm32f4xx_exti.o(i.EXTI_GetITStatus)
    i.EXTI_Init                              0x080021d0   Section        0  stm32f4xx_exti.o(i.EXTI_Init)
    i.GPIO_Init                              0x08002260   Section        0  stm32f4xx_gpio.o(i.GPIO_Init)
    i.GPIO_PinAFConfig                       0x080022f0   Section        0  stm32f4xx_gpio.o(i.GPIO_PinAFConfig)
    i.GPIO_WriteBit                          0x08002312   Section        0  stm32f4xx_gpio.o(i.GPIO_WriteBit)
    i.HardFault_Handler                      0x0800231c   Section        0  stm32f4xx_it.o(i.HardFault_Handler)
    i.I2C_AcknowledgeConfig                  0x0800231e   Section        0  stm32f4xx_i2c.o(i.I2C_AcknowledgeConfig)
    i.I2C_CheckEvent                         0x08002330   Section        0  stm32f4xx_i2c.o(i.I2C_CheckEvent)
    i.I2C_ClearFlag                          0x0800234a   Section        0  stm32f4xx_i2c.o(i.I2C_ClearFlag)
    i.I2C_Cmd                                0x08002350   Section        0  stm32f4xx_i2c.o(i.I2C_Cmd)
    i.I2C_DeInit                             0x08002362   Section        0  stm32f4xx_i2c.o(i.I2C_DeInit)
    i.I2C_GenerateSTART                      0x080023be   Section        0  stm32f4xx_i2c.o(i.I2C_GenerateSTART)
    i.I2C_GenerateSTOP                       0x080023d0   Section        0  stm32f4xx_i2c.o(i.I2C_GenerateSTOP)
    i.I2C_GetFlagStatus                      0x080023e2   Section        0  stm32f4xx_i2c.o(i.I2C_GetFlagStatus)
    i.I2C_Init                               0x0800240c   Section        0  stm32f4xx_i2c.o(i.I2C_Init)
    i.I2C_ReceiveData                        0x080024d0   Section        0  stm32f4xx_i2c.o(i.I2C_ReceiveData)
    i.I2C_Send7bitAddress                    0x080024d6   Section        0  stm32f4xx_i2c.o(i.I2C_Send7bitAddress)
    i.I2C_SendData                           0x080024e6   Section        0  stm32f4xx_i2c.o(i.I2C_SendData)
    i.I2S_Cmd                                0x080024ea   Section        0  stm32f4xx_spi.o(i.I2S_Cmd)
    i.I2S_Init                               0x080024fc   Section        0  stm32f4xx_spi.o(i.I2S_Init)
    i.MemManage_Handler                      0x080025f0   Section        0  stm32f4xx_it.o(i.MemManage_Handler)
    i.NMI_Handler                            0x080025f2   Section        0  stm32f4xx_it.o(i.NMI_Handler)
    i.NVIC_Init                              0x080025f4   Section        0  misc.o(i.NVIC_Init)
    i.NVIC_PriorityGroupConfig               0x08002664   Section        0  misc.o(i.NVIC_PriorityGroupConfig)
    i.PendSV_Handler                         0x08002678   Section        0  stm32f4xx_it.o(i.PendSV_Handler)
    i.RCC_AHB1PeriphClockCmd                 0x0800267c   Section        0  stm32f4xx_rcc.o(i.RCC_AHB1PeriphClockCmd)
    i.RCC_APB1PeriphClockCmd                 0x08002694   Section        0  stm32f4xx_rcc.o(i.RCC_APB1PeriphClockCmd)
    i.RCC_APB1PeriphResetCmd                 0x080026ac   Section        0  stm32f4xx_rcc.o(i.RCC_APB1PeriphResetCmd)
    i.RCC_APB2PeriphClockCmd                 0x080026c4   Section        0  stm32f4xx_rcc.o(i.RCC_APB2PeriphClockCmd)
    i.RCC_APB2PeriphResetCmd                 0x080026dc   Section        0  stm32f4xx_rcc.o(i.RCC_APB2PeriphResetCmd)
    i.RCC_GetClocksFreq                      0x080026f4   Section        0  stm32f4xx_rcc.o(i.RCC_GetClocksFreq)
    i.SPI2_IRQHandler                        0x0800279c   Section        0  microphone.o(i.SPI2_IRQHandler)
    i.SPI3_IRQHandler                        0x080027f8   Section        0  stm32f4_discovery_audio_codec.o(i.SPI3_IRQHandler)
    i.SPI_I2S_DMACmd                         0x08002838   Section        0  stm32f4xx_spi.o(i.SPI_I2S_DMACmd)
    i.SPI_I2S_DeInit                         0x08002848   Section        0  stm32f4xx_spi.o(i.SPI_I2S_DeInit)
    i.SPI_I2S_GetFlagStatus                  0x080028a4   Section        0  stm32f4xx_spi.o(i.SPI_I2S_GetFlagStatus)
    i.SPI_I2S_GetITStatus                    0x080028b2   Section        0  stm32f4xx_spi.o(i.SPI_I2S_GetITStatus)
    i.SPI_I2S_ITConfig                       0x080028e0   Section        0  stm32f4xx_spi.o(i.SPI_I2S_ITConfig)
    i.SPI_I2S_ReceiveData                    0x080028fa   Section        0  stm32f4xx_spi.o(i.SPI_I2S_ReceiveData)
    i.SPI_I2S_SendData                       0x080028fe   Section        0  stm32f4xx_spi.o(i.SPI_I2S_SendData)
    i.STM_EVAL_LEDInit                       0x08002904   Section        0  stm32f4_discovery.o(i.STM_EVAL_LEDInit)
    i.STM_EVAL_LEDOff                        0x08002950   Section        0  stm32f4_discovery.o(i.STM_EVAL_LEDOff)
    i.STM_EVAL_LEDOn                         0x08002968   Section        0  stm32f4_discovery.o(i.STM_EVAL_LEDOn)
    i.STM_EVAL_LEDToggle                     0x08002980   Section        0  stm32f4_discovery.o(i.STM_EVAL_LEDToggle)
    i.STM_EVAL_PBInit                        0x0800299c   Section        0  stm32f4_discovery.o(i.STM_EVAL_PBInit)
    i.SVC_Handler                            0x08002a40   Section        0  stm32f4xx_it.o(i.SVC_Handler)
    i.SYSCFG_EXTILineConfig                  0x08002a42   Section        0  stm32f4xx_syscfg.o(i.SYSCFG_EXTILineConfig)
    i.SysTick_Handler                        0x08002a70   Section        0  stm32f4xx_it.o(i.SysTick_Handler)
    i.SystemInit                             0x08002b50   Section        0  system_stm32f4xx.o(i.SystemInit)
    i.UsageFault_Handler                     0x08002c7c   Section        0  stm32f4xx_it.o(i.UsageFault_Handler)
    i.WavePlayBack                           0x08002c80   Section        0  headphone.o(i.WavePlayBack)
    i.WaveRecorderBeginSampling              0x08002da0   Section        0  microphone.o(i.WaveRecorderBeginSampling)
    i.WaveRecorderCallback                   0x08002de4   Section        0  headphone.o(i.WaveRecorderCallback)
    i.WaveRecorderInit                       0x08002e64   Section        0  microphone.o(i.WaveRecorderInit)
    i.__scatterload_copy                     0x08002f98   Section       14  handlers.o(i.__scatterload_copy)
    i.__scatterload_null                     0x08002fa6   Section        2  handlers.o(i.__scatterload_null)
    i.__scatterload_zeroinit                 0x08002fa8   Section       14  handlers.o(i.__scatterload_zeroinit)
    i.dsp                                    0x08002fb8   Section        0  dsp.o(i.dsp)
    i.main                                   0x08003050   Section        0  main.o(i.main)
    .constdata                               0x080030bc   Section       36  stm32f4_discovery.o(.constdata)
    .data                                    0x20000000   Section        4  main.o(.data)
    .data                                    0x20000004   Section       12  stm32f4xx_it.o(.data)
    last_button_time                         0x20000008   Data           4  stm32f4xx_it.o(.data)
    .data                                    0x20000010   Section       12  headphone.o(.data)
    volume                                   0x20000010   Data           1  headphone.o(.data)
    next_buff                                0x20000011   Data           1  headphone.o(.data)
    mic_head                                 0x20000012   Data           2  headphone.o(.data)
    mic_tail                                 0x20000014   Data           2  headphone.o(.data)
    clip_timer                               0x20000018   Data           4  headphone.o(.data)
    .data                                    0x2000001c   Section       24  microphone.o(.data)
    AudioRecInited                           0x2000001c   Data           4  microphone.o(.data)
    InternalBufferSize                       0x2000002c   Data           4  microphone.o(.data)
    .data                                    0x20000034   Section      232  dsp.o(.data)
    .data                                    0x2000011c   Section       20  stm32f4_discovery.o(.data)
    .data                                    0x20000130   Section       64  stm32f4_discovery_audio_codec.o(.data)
    .data                                    0x20000170   Section       16  stm32f4xx_rcc.o(.data)
    APBAHBPrescTable                         0x20000170   Data          16  stm32f4xx_rcc.o(.data)
    .data                                    0x20000180   Section      772  pdm_filter.o(.data)
    .bss                                     0x20000484   Section       16  main.o(.bss)
    .bss                                     0x20000494   Section     7168  headphone.o(.bss)
    buff0                                    0x20000494   Data        2048  headphone.o(.bss)
    buff1                                    0x20000c94   Data        2048  headphone.o(.bss)
    micbuff                                  0x20001494   Data        3072  headphone.o(.bss)
    .bss                                     0x20002094   Section      212  microphone.o(.bss)
    InternalBuffer                           0x200020e8   Data         128  microphone.o(.bss)
    .bss                                     0x20002168   Section     2172  dsp.o(.bss)
    .bss                                     0x200029e4   Section       60  stm32f4_discovery_audio_codec.o(.bss)
    STACK                                    0x20002a20   Section     1024  startup_stm32f4xx.o(STACK)

    Global Symbols

    Symbol Name                              Value     Ov Type        Size  Object(Section)

    BuildAttributes$$THM_ISAv4$E$P$D$K$B$S$7EM$VFPi3$EXTD16$VFPS$VFMA$PE$A:L22UL41UL21$X:L11$S22US41US21$IEEE1$IW$USESV6$~STKCKD$USESV7$~SHL$OTIME$ROPI$EBA8$MICROLIB$REQ8$PRES8$EABIv2 0x00000000   Number         0  anon$$obj.o ABSOLUTE
    __ARM_use_no_argv                        0x00000000   Number         0  main.o ABSOLUTE
    __cpp_initialize__aeabi_                  - Undefined Weak Reference
    __cxa_finalize                            - Undefined Weak Reference
    _clock_init                               - Undefined Weak Reference
    _microlib_exit                            - Undefined Weak Reference
    __Vectors_Size                           0x00000188   Number         0  startup_stm32f4xx.o ABSOLUTE
    __Vectors                                0x08000000   Data           4  startup_stm32f4xx.o(RESET)
    __Vectors_End                            0x08000188   Data           0  startup_stm32f4xx.o(RESET)
    __main                                   0x08000189   Thumb Code     0  entry.o(.ARM.Collect$$$$00000000)
    _main_stk                                0x08000189   Thumb Code     0  entry2.o(.ARM.Collect$$$$00000001)
    _main_scatterload                        0x0800018d   Thumb Code     0  entry5.o(.ARM.Collect$$$$00000004)
    __main_after_scatterload                 0x08000191   Thumb Code     0  entry5.o(.ARM.Collect$$$$00000004)
    _main_clock                              0x08000191   Thumb Code     0  entry7b.o(.ARM.Collect$$$$00000008)
    _main_cpp_init                           0x08000191   Thumb Code     0  entry8b.o(.ARM.Collect$$$$0000000A)
    _main_init                               0x08000191   Thumb Code     0  entry9a.o(.ARM.Collect$$$$0000000B)
    __rt_final_cpp                           0x08000199   Thumb Code     0  entry10a.o(.ARM.Collect$$$$0000000D)
    __rt_final_exit                          0x08000199   Thumb Code     0  entry11a.o(.ARM.Collect$$$$0000000F)
    Reset_Handler                            0x0800019d   Thumb Code     8  startup_stm32f4xx.o(.text)
    ADC_IRQHandler                           0x080001b7   Thumb Code     0  startup_stm32f4xx.o(.text)
    CAN1_RX0_IRQHandler                      0x080001b7   Thumb Code     0  startup_stm32f4xx.o(.text)
    CAN1_RX1_IRQHandler                      0x080001b7   Thumb Code     0  startup_stm32f4xx.o(.text)
    CAN1_SCE_IRQHandler                      0x080001b7   Thumb Code     0  startup_stm32f4xx.o(.text)
    CAN1_TX_IRQHandler                       0x080001b7   Thumb Code     0  startup_stm32f4xx.o(.text)
    CAN2_RX0_IRQHandler                      0x080001b7   Thumb Code     0  startup_stm32f4xx.o(.text)
    CAN2_RX1_IRQHandler                      0x080001b7   Thumb Code     0  startup_stm32f4xx.o(.text)
    CAN2_SCE_IRQHandler                      0x080001b7   Thumb Code     0  startup_stm32f4xx.o(.text)
    CAN2_TX_IRQHandler                       0x080001b7   Thumb Code     0  startup_stm32f4xx.o(.text)
    CRYP_IRQHandler                          0x080001b7   Thumb Code     0  startup_stm32f4xx.o(.text)
    DCMI_IRQHandler                          0x080001b7   Thumb Code     0  startup_stm32f4xx.o(.text)
    DMA1_Stream1_IRQHandler                  0x080001b7   Thumb Code     0  startup_stm32f4xx.o(.text)
    DMA1_Stream2_IRQHandler                  0x080001b7   Thumb Code     0  startup_stm32f4xx.o(.text)
    DMA1_Stream3_IRQHandler                  0x080001b7   Thumb Code     0  startup_stm32f4xx.o(.text)
    DMA1_Stream4_IRQHandler                  0x080001b7   Thumb Code     0  startup_stm32f4xx.o(.text)
    DMA1_Stream5_IRQHandler                  0x080001b7   Thumb Code     0  startup_stm32f4xx.o(.text)
    DMA1_Stream6_IRQHandler                  0x080001b7   Thumb Code     0  startup_stm32f4xx.o(.text)
    DMA2_Stream0_IRQHandler                  0x080001b7   Thumb Code     0  startup_stm32f4xx.o(.text)
    DMA2_Stream1_IRQHandler                  0x080001b7   Thumb Code     0  startup_stm32f4xx.o(.text)
    DMA2_Stream2_IRQHandler                  0x080001b7   Thumb Code     0  startup_stm32f4xx.o(.text)
    DMA2_Stream3_IRQHandler                  0x080001b7   Thumb Code     0  startup_stm32f4xx.o(.text)
    DMA2_Stream4_IRQHandler                  0x080001b7   Thumb Code     0  startup_stm32f4xx.o(.text)
    DMA2_Stream5_IRQHandler                  0x080001b7   Thumb Code     0  startup_stm32f4xx.o(.text)
    DMA2_Stream6_IRQHandler                  0x080001b7   Thumb Code     0  startup_stm32f4xx.o(.text)
    DMA2_Stream7_IRQHandler                  0x080001b7   Thumb Code     0  startup_stm32f4xx.o(.text)
    ETH_IRQHandler                           0x080001b7   Thumb Code     0  startup_stm32f4xx.o(.text)
    ETH_WKUP_IRQHandler                      0x080001b7   Thumb Code     0  startup_stm32f4xx.o(.text)
    EXTI15_10_IRQHandler                     0x080001b7   Thumb Code     0  startup_stm32f4xx.o(.text)
    EXTI2_IRQHandler                         0x080001b7   Thumb Code     0  startup_stm32f4xx.o(.text)
    EXTI3_IRQHandler                         0x080001b7   Thumb Code     0  startup_stm32f4xx.o(.text)
    EXTI4_IRQHandler                         0x080001b7   Thumb Code     0  startup_stm32f4xx.o(.text)
    EXTI9_5_IRQHandler                       0x080001b7   Thumb Code     0  startup_stm32f4xx.o(.text)
    FLASH_IRQHandler                         0x080001b7   Thumb Code     0  startup_stm32f4xx.o(.text)
    FPU_IRQHandler                           0x080001b7   Thumb Code     0  startup_stm32f4xx.o(.text)
    FSMC_IRQHandler                          0x080001b7   Thumb Code     0  startup_stm32f4xx.o(.text)
    HASH_RNG_IRQHandler                      0x080001b7   Thumb Code     0  startup_stm32f4xx.o(.text)
    I2C1_ER_IRQHandler                       0x080001b7   Thumb Code     0  startup_stm32f4xx.o(.text)
    I2C1_EV_IRQHandler                       0x080001b7   Thumb Code     0  startup_stm32f4xx.o(.text)
    I2C2_ER_IRQHandler                       0x080001b7   Thumb Code     0  startup_stm32f4xx.o(.text)
    I2C2_EV_IRQHandler                       0x080001b7   Thumb Code     0  startup_stm32f4xx.o(.text)
    I2C3_ER_IRQHandler                       0x080001b7   Thumb Code     0  startup_stm32f4xx.o(.text)
    I2C3_EV_IRQHandler                       0x080001b7   Thumb Code     0  startup_stm32f4xx.o(.text)
    OTG_FS_IRQHandler                        0x080001b7   Thumb Code     0  startup_stm32f4xx.o(.text)
    OTG_FS_WKUP_IRQHandler                   0x080001b7   Thumb Code     0  startup_stm32f4xx.o(.text)
    OTG_HS_EP1_IN_IRQHandler                 0x080001b7   Thumb Code     0  startup_stm32f4xx.o(.text)
    OTG_HS_EP1_OUT_IRQHandler                0x080001b7   Thumb Code     0  startup_stm32f4xx.o(.text)
    OTG_HS_IRQHandler                        0x080001b7   Thumb Code     0  startup_stm32f4xx.o(.text)
    OTG_HS_WKUP_IRQHandler                   0x080001b7   Thumb Code     0  startup_stm32f4xx.o(.text)
    PVD_IRQHandler                           0x080001b7   Thumb Code     0  startup_stm32f4xx.o(.text)
    RCC_IRQHandler                           0x080001b7   Thumb Code     0  startup_stm32f4xx.o(.text)
    RTC_Alarm_IRQHandler                     0x080001b7   Thumb Code     0  startup_stm32f4xx.o(.text)
    RTC_WKUP_IRQHandler                      0x080001b7   Thumb Code     0  startup_stm32f4xx.o(.text)
    SDIO_IRQHandler                          0x080001b7   Thumb Code     0  startup_stm32f4xx.o(.text)
    SPI1_IRQHandler                          0x080001b7   Thumb Code     0  startup_stm32f4xx.o(.text)
    TAMP_STAMP_IRQHandler                    0x080001b7   Thumb Code     0  startup_stm32f4xx.o(.text)
    TIM1_BRK_TIM9_IRQHandler                 0x080001b7   Thumb Code     0  startup_stm32f4xx.o(.text)
    TIM1_CC_IRQHandler                       0x080001b7   Thumb Code     0  startup_stm32f4xx.o(.text)
    TIM1_TRG_COM_TIM11_IRQHandler            0x080001b7   Thumb Code     0  startup_stm32f4xx.o(.text)
    TIM1_UP_TIM10_IRQHandler                 0x080001b7   Thumb Code     0  startup_stm32f4xx.o(.text)
    TIM2_IRQHandler                          0x080001b7   Thumb Code     0  startup_stm32f4xx.o(.text)
    TIM3_IRQHandler                          0x080001b7   Thumb Code     0  startup_stm32f4xx.o(.text)
    TIM4_IRQHandler                          0x080001b7   Thumb Code     0  startup_stm32f4xx.o(.text)
    TIM5_IRQHandler                          0x080001b7   Thumb Code     0  startup_stm32f4xx.o(.text)
    TIM6_DAC_IRQHandler                      0x080001b7   Thumb Code     0  startup_stm32f4xx.o(.text)
    TIM7_IRQHandler                          0x080001b7   Thumb Code     0  startup_stm32f4xx.o(.text)
    TIM8_BRK_TIM12_IRQHandler                0x080001b7   Thumb Code     0  startup_stm32f4xx.o(.text)
    TIM8_CC_IRQHandler                       0x080001b7   Thumb Code     0  startup_stm32f4xx.o(.text)
    TIM8_TRG_COM_TIM14_IRQHandler            0x080001b7   Thumb Code     0  startup_stm32f4xx.o(.text)
    TIM8_UP_TIM13_IRQHandler                 0x080001b7   Thumb Code     0  startup_stm32f4xx.o(.text)
    UART4_IRQHandler                         0x080001b7   Thumb Code     0  startup_stm32f4xx.o(.text)
    UART5_IRQHandler                         0x080001b7   Thumb Code     0  startup_stm32f4xx.o(.text)
    USART1_IRQHandler                        0x080001b7   Thumb Code     0  startup_stm32f4xx.o(.text)
    USART2_IRQHandler                        0x080001b7   Thumb Code     0  startup_stm32f4xx.o(.text)
    USART3_IRQHandler                        0x080001b7   Thumb Code     0  startup_stm32f4xx.o(.text)
    USART6_IRQHandler                        0x080001b7   Thumb Code     0  startup_stm32f4xx.o(.text)
    WWDG_IRQHandler                          0x080001b7   Thumb Code     0  startup_stm32f4xx.o(.text)
    PDM_Filter_Init                          0x080001c1   Thumb Code   222  pdm_filter.o(.text)
    PDM_Filter_64_LSB                        0x0800029f   Thumb Code   660  pdm_filter.o(.text)
    PDM_Filter_80_LSB                        0x08000533   Thumb Code   692  pdm_filter.o(.text)
    PDM_Filter_64_MSB                        0x080007e7   Thumb Code   658  pdm_filter.o(.text)
    PDM_Filter_80_MSB                        0x08000a79   Thumb Code   830  pdm_filter.o(.text)
    arm_fir_fast_q15                         0x08000dbd   Thumb Code   478  arm_fir_fast_q15.o(.text)
    arm_fir_init_q15                         0x08000f9b   Thumb Code    46  arm_fir_init_q15.o(.text)
    arm_copy_q15                             0x08000fc9   Thumb Code   126  arm_copy_q15.o(.text)
    __aeabi_memset                           0x08001047   Thumb Code    14  memseta.o(.text)
    __aeabi_memset4                          0x08001047   Thumb Code     0  memseta.o(.text)
    __aeabi_memset8                          0x08001047   Thumb Code     0  memseta.o(.text)
    __aeabi_memclr                           0x08001055   Thumb Code     4  memseta.o(.text)
    __aeabi_memclr4                          0x08001055   Thumb Code     0  memseta.o(.text)
    __aeabi_memclr8                          0x08001055   Thumb Code     0  memseta.o(.text)
    _memset$wrapper                          0x08001059   Thumb Code    18  memseta.o(.text)
    __ARM_scalbnf                            0x0800106b   Thumb Code    24  fscalb.o(.text)
    scalbnf                                  0x0800106b   Thumb Code     0  fscalb.o(.text)
    __aeabi_dadd                             0x08001083   Thumb Code   322  dadd.o(.text)
    __aeabi_dsub                             0x080011c5   Thumb Code     6  dadd.o(.text)
    __aeabi_drsub                            0x080011cb   Thumb Code     6  dadd.o(.text)
    __aeabi_dmul                             0x080011d1   Thumb Code   228  dmul.o(.text)
    __aeabi_ddiv                             0x080012b5   Thumb Code   222  ddiv.o(.text)
    __aeabi_ui2d                             0x08001393   Thumb Code    26  dfltui.o(.text)
    __aeabi_d2uiz                            0x080013ad   Thumb Code    50  dfixui.o(.text)
    __aeabi_f2d                              0x080013df   Thumb Code    38  f2d.o(.text)
    __aeabi_llsl                             0x08001405   Thumb Code    30  llshl.o(.text)
    _ll_shift_l                              0x08001405   Thumb Code     0  llshl.o(.text)
    __aeabi_llsr                             0x08001423   Thumb Code    32  llushr.o(.text)
    _ll_ushift_r                             0x08001423   Thumb Code     0  llushr.o(.text)
    __aeabi_lasr                             0x08001443   Thumb Code    36  llsshr.o(.text)
    _ll_sshift_r                             0x08001443   Thumb Code     0  llsshr.o(.text)
    __I$use$fp                               0x08001467   Thumb Code     0  iusefp.o(.text)
    _double_round                            0x08001467   Thumb Code    30  depilogue.o(.text)
    _double_epilogue                         0x08001485   Thumb Code   156  depilogue.o(.text)
    __scatterload                            0x08001521   Thumb Code    28  init.o(.text)
    __scatterload_rt2                        0x08001521   Thumb Code     0  init.o(.text)
    __decompress                             0x08001545   Thumb Code     0  __dczerorl2.o(.text)
    __decompress1                            0x08001545   Thumb Code    86  __dczerorl2.o(.text)
    Audio_MAL_Play                           0x08001641   Thumb Code    86  stm32f4_discovery_audio_codec.o(i.Audio_MAL_Play)
    BusFault_Handler                         0x080016a9   Thumb Code     2  stm32f4xx_it.o(i.BusFault_Handler)
    DAC_Cmd                                  0x0800194d   Thumb Code    24  stm32f4xx_dac.o(i.DAC_Cmd)
    DAC_Init                                 0x08001969   Thumb Code    48  stm32f4xx_dac.o(i.DAC_Init)
    DAC_SetChannel1Data                      0x0800199d   Thumb Code    22  stm32f4xx_dac.o(i.DAC_SetChannel1Data)
    DMA1_Stream0_IRQHandler                  0x080019b3   Thumb Code     4  stm32f4_discovery_audio_codec.o(i.DMA1_Stream0_IRQHandler)
    DMA1_Stream7_IRQHandler                  0x080019b7   Thumb Code     4  stm32f4_discovery_audio_codec.o(i.DMA1_Stream7_IRQHandler)
    DMA_ClearFlag                            0x080019bd   Thumb Code    28  stm32f4xx_dma.o(i.DMA_ClearFlag)
    DMA_Cmd                                  0x080019e9   Thumb Code    18  stm32f4xx_dma.o(i.DMA_Cmd)
    DMA_DeInit                               0x080019fd   Thumb Code   298  stm32f4xx_dma.o(i.DMA_DeInit)
    DMA_GetCmdStatus                         0x08001b81   Thumb Code    16  stm32f4xx_dma.o(i.DMA_GetCmdStatus)
    DMA_GetFlagStatus                        0x08001b91   Thumb Code    36  stm32f4xx_dma.o(i.DMA_GetFlagStatus)
    DMA_ITConfig                             0x08001bc5   Thumb Code    64  stm32f4xx_dma.o(i.DMA_ITConfig)
    DMA_Init                                 0x08001c05   Thumb Code   116  stm32f4xx_dma.o(i.DMA_Init)
    DebugMon_Handler                         0x08001c7d   Thumb Code     2  stm32f4xx_it.o(i.DebugMon_Handler)
    EVAL_AUDIO_GetSampleCallBack             0x08001c7f   Thumb Code     4  headphone.o(i.EVAL_AUDIO_GetSampleCallBack)
    EVAL_AUDIO_Init                          0x08001c85   Thumb Code   964  stm32f4_discovery_audio_codec.o(i.EVAL_AUDIO_Init)
    EVAL_AUDIO_SetAudioInterface             0x08002071   Thumb Code   110  stm32f4_discovery_audio_codec.o(i.EVAL_AUDIO_SetAudioInterface)
    EVAL_AUDIO_TransferComplete_CallBack     0x08002109   Thumb Code    34  headphone.o(i.EVAL_AUDIO_TransferComplete_CallBack)
    EXTI0_IRQHandler                         0x08002139   Thumb Code    66  stm32f4xx_it.o(i.EXTI0_IRQHandler)
    EXTI1_IRQHandler                         0x08002185   Thumb Code    30  stm32f4xx_it.o(i.EXTI1_IRQHandler)
    EXTI_ClearITPendingBit                   0x080021a5   Thumb Code     6  stm32f4xx_exti.o(i.EXTI_ClearITPendingBit)
    EXTI_GetITStatus                         0x080021b1   Thumb Code    24  stm32f4xx_exti.o(i.EXTI_GetITStatus)
    EXTI_Init                                0x080021d1   Thumb Code   134  stm32f4xx_exti.o(i.EXTI_Init)
    GPIO_Init                                0x08002261   Thumb Code   144  stm32f4xx_gpio.o(i.GPIO_Init)
    GPIO_PinAFConfig                         0x080022f1   Thumb Code    34  stm32f4xx_gpio.o(i.GPIO_PinAFConfig)
    GPIO_WriteBit                            0x08002313   Thumb Code    10  stm32f4xx_gpio.o(i.GPIO_WriteBit)
    HardFault_Handler                        0x0800231d   Thumb Code     2  stm32f4xx_it.o(i.HardFault_Handler)
    I2C_AcknowledgeConfig                    0x0800231f   Thumb Code    18  stm32f4xx_i2c.o(i.I2C_AcknowledgeConfig)
    I2C_CheckEvent                           0x08002331   Thumb Code    26  stm32f4xx_i2c.o(i.I2C_CheckEvent)
    I2C_ClearFlag                            0x0800234b   Thumb Code     6  stm32f4xx_i2c.o(i.I2C_ClearFlag)
    I2C_Cmd                                  0x08002351   Thumb Code    18  stm32f4xx_i2c.o(i.I2C_Cmd)
    I2C_DeInit                               0x08002363   Thumb Code    92  stm32f4xx_i2c.o(i.I2C_DeInit)
    I2C_GenerateSTART                        0x080023bf   Thumb Code    18  stm32f4xx_i2c.o(i.I2C_GenerateSTART)
    I2C_GenerateSTOP                         0x080023d1   Thumb Code    18  stm32f4xx_i2c.o(i.I2C_GenerateSTOP)
    I2C_GetFlagStatus                        0x080023e3   Thumb Code    42  stm32f4xx_i2c.o(i.I2C_GetFlagStatus)
    I2C_Init                                 0x0800240d   Thumb Code   188  stm32f4xx_i2c.o(i.I2C_Init)
    I2C_ReceiveData                          0x080024d1   Thumb Code     6  stm32f4xx_i2c.o(i.I2C_ReceiveData)
    I2C_Send7bitAddress                      0x080024d7   Thumb Code    16  stm32f4xx_i2c.o(i.I2C_Send7bitAddress)
    I2C_SendData                             0x080024e7   Thumb Code     4  stm32f4xx_i2c.o(i.I2C_SendData)
    I2S_Cmd                                  0x080024eb   Thumb Code    18  stm32f4xx_spi.o(i.I2S_Cmd)
    I2S_Init                                 0x080024fd   Thumb Code   224  stm32f4xx_spi.o(i.I2S_Init)
    MemManage_Handler                        0x080025f1   Thumb Code     2  stm32f4xx_it.o(i.MemManage_Handler)
    NMI_Handler                              0x080025f3   Thumb Code     2  stm32f4xx_it.o(i.NMI_Handler)
    NVIC_Init                                0x080025f5   Thumb Code   106  misc.o(i.NVIC_Init)
    NVIC_PriorityGroupConfig                 0x08002665   Thumb Code    14  misc.o(i.NVIC_PriorityGroupConfig)
    PendSV_Handler                           0x08002679   Thumb Code     2  stm32f4xx_it.o(i.PendSV_Handler)
    RCC_AHB1PeriphClockCmd                   0x0800267d   Thumb Code    18  stm32f4xx_rcc.o(i.RCC_AHB1PeriphClockCmd)
    RCC_APB1PeriphClockCmd                   0x08002695   Thumb Code    18  stm32f4xx_rcc.o(i.RCC_APB1PeriphClockCmd)
    RCC_APB1PeriphResetCmd                   0x080026ad   Thumb Code    18  stm32f4xx_rcc.o(i.RCC_APB1PeriphResetCmd)
    RCC_APB2PeriphClockCmd                   0x080026c5   Thumb Code    18  stm32f4xx_rcc.o(i.RCC_APB2PeriphClockCmd)
    RCC_APB2PeriphResetCmd                   0x080026dd   Thumb Code    18  stm32f4xx_rcc.o(i.RCC_APB2PeriphResetCmd)
    RCC_GetClocksFreq                        0x080026f5   Thumb Code   150  stm32f4xx_rcc.o(i.RCC_GetClocksFreq)
    SPI2_IRQHandler                          0x0800279d   Thumb Code    76  microphone.o(i.SPI2_IRQHandler)
    SPI3_IRQHandler                          0x080027f9   Thumb Code    54  stm32f4_discovery_audio_codec.o(i.SPI3_IRQHandler)
    SPI_I2S_DMACmd                           0x08002839   Thumb Code    16  stm32f4xx_spi.o(i.SPI_I2S_DMACmd)
    SPI_I2S_DeInit                           0x08002849   Thumb Code    92  stm32f4xx_spi.o(i.SPI_I2S_DeInit)
    SPI_I2S_GetFlagStatus                    0x080028a5   Thumb Code    14  stm32f4xx_spi.o(i.SPI_I2S_GetFlagStatus)
    SPI_I2S_GetITStatus                      0x080028b3   Thumb Code    46  stm32f4xx_spi.o(i.SPI_I2S_GetITStatus)
    SPI_I2S_ITConfig                         0x080028e1   Thumb Code    26  stm32f4xx_spi.o(i.SPI_I2S_ITConfig)
    SPI_I2S_ReceiveData                      0x080028fb   Thumb Code     4  stm32f4xx_spi.o(i.SPI_I2S_ReceiveData)
    SPI_I2S_SendData                         0x080028ff   Thumb Code     4  stm32f4xx_spi.o(i.SPI_I2S_SendData)
    STM_EVAL_LEDInit                         0x08002905   Thumb Code    64  stm32f4_discovery.o(i.STM_EVAL_LEDInit)
    STM_EVAL_LEDOff                          0x08002951   Thumb Code    16  stm32f4_discovery.o(i.STM_EVAL_LEDOff)
    STM_EVAL_LEDOn                           0x08002969   Thumb Code    16  stm32f4_discovery.o(i.STM_EVAL_LEDOn)
    STM_EVAL_LEDToggle                       0x08002981   Thumb Code    20  stm32f4_discovery.o(i.STM_EVAL_LEDToggle)
    STM_EVAL_PBInit                          0x0800299d   Thumb Code   140  stm32f4_discovery.o(i.STM_EVAL_PBInit)
    SVC_Handler                              0x08002a41   Thumb Code     2  stm32f4xx_it.o(i.SVC_Handler)
    SYSCFG_EXTILineConfig                    0x08002a43   Thumb Code    46  stm32f4xx_syscfg.o(i.SYSCFG_EXTILineConfig)
    SysTick_Handler                          0x08002a71   Thumb Code   214  stm32f4xx_it.o(i.SysTick_Handler)
    SystemInit                               0x08002b51   Thumb Code   254  system_stm32f4xx.o(i.SystemInit)
    UsageFault_Handler                       0x08002c7d   Thumb Code     2  stm32f4xx_it.o(i.UsageFault_Handler)
    WavePlayBack                             0x08002c81   Thumb Code   270  headphone.o(i.WavePlayBack)
    WaveRecorderBeginSampling                0x08002da1   Thumb Code    56  microphone.o(i.WaveRecorderBeginSampling)
    WaveRecorderCallback                     0x08002de5   Thumb Code   118  headphone.o(i.WaveRecorderCallback)
    WaveRecorderInit                         0x08002e65   Thumb Code   274  microphone.o(i.WaveRecorderInit)
    __scatterload_copy                       0x08002f99   Thumb Code    14  handlers.o(i.__scatterload_copy)
    __scatterload_null                       0x08002fa7   Thumb Code     2  handlers.o(i.__scatterload_null)
    __scatterload_zeroinit                   0x08002fa9   Thumb Code    14  handlers.o(i.__scatterload_zeroinit)
    dsp                                      0x08002fb9   Thumb Code   126  dsp.o(i.dsp)
    main                                     0x08003051   Thumb Code   100  main.o(i.main)
    BUTTON_PORT_SOURCE                       0x080030bc   Data           1  stm32f4_discovery.o(.constdata)
    BUTTON_PIN_SOURCE                        0x080030bd   Data           1  stm32f4_discovery.o(.constdata)
    BUTTON_IRQn                              0x080030be   Data           1  stm32f4_discovery.o(.constdata)
    BUTTON_PIN                               0x080030c0   Data           2  stm32f4_discovery.o(.constdata)
    BUTTON_EXTI_LINE                         0x080030c2   Data           2  stm32f4_discovery.o(.constdata)
    BUTTON_CLK                               0x080030c4   Data           4  stm32f4_discovery.o(.constdata)
    GPIO_PIN                                 0x080030c8   Data           8  stm32f4_discovery.o(.constdata)
    GPIO_CLK                                 0x080030d0   Data          16  stm32f4_discovery.o(.constdata)
    Region$$Table$$Base                      0x080030e0   Number         0  anon$$obj.o(Region$$Table)
    Region$$Table$$Limit                     0x08003100   Number         0  anon$$obj.o(Region$$Table)
    user_mode                                0x20000000   Data           4  main.o(.data)
    LED_Toggle                               0x20000004   Data           1  stm32f4xx_it.o(.data)
    msec_counter                             0x2000000c   Data           4  stm32f4xx_it.o(.data)
    AudioRecBitRes                           0x20000020   Data           4  microphone.o(.data)
    AudioRecChnlNbr                          0x20000024   Data           4  microphone.o(.data)
    AudioRecCurrSize                         0x20000028   Data           4  microphone.o(.data)
    pAudioRecBuf                             0x20000030   Data           4  microphone.o(.data)
    firstStart                               0x20000034   Data           1  dsp.o(.data)
    old_user_mode                            0x20000038   Data           4  dsp.o(.data)
    fir_coeffs_lp                            0x2000003c   Data         112  dsp.o(.data)
    fir_coeffs_hp                            0x200000ac   Data         112  dsp.o(.data)
    BUTTON_PORT                              0x2000011c   Data           4  stm32f4_discovery.o(.data)
    GPIO_PORT                                0x20000120   Data          16  stm32f4_discovery.o(.data)
    OutputDev                                0x20000130   Data           1  stm32f4_discovery_audio_codec.o(.data)
    AudioTotalSize                           0x20000134   Data           4  stm32f4_discovery_audio_codec.o(.data)
    AudioRemSize                             0x20000138   Data           4  stm32f4_discovery_audio_codec.o(.data)
    CODECTimeout                             0x2000013c   Data           4  stm32f4_discovery_audio_codec.o(.data)
    CurrAudioInterface                       0x20000140   Data           4  stm32f4_discovery_audio_codec.o(.data)
    AUDIO_MAL_DMA_CLOCK                      0x20000144   Data           4  stm32f4_discovery_audio_codec.o(.data)
    AUDIO_MAL_DMA_STREAM                     0x20000148   Data           4  stm32f4_discovery_audio_codec.o(.data)
    AUDIO_MAL_DMA_DREG                       0x2000014c   Data           4  stm32f4_discovery_audio_codec.o(.data)
    AUDIO_MAL_DMA_CHANNEL                    0x20000150   Data           4  stm32f4_discovery_audio_codec.o(.data)
    AUDIO_MAL_DMA_IRQ                        0x20000154   Data           4  stm32f4_discovery_audio_codec.o(.data)
    AUDIO_MAL_DMA_FLAG_TC                    0x20000158   Data           4  stm32f4_discovery_audio_codec.o(.data)
    AUDIO_MAL_DMA_FLAG_HT                    0x2000015c   Data           4  stm32f4_discovery_audio_codec.o(.data)
    AUDIO_MAL_DMA_FLAG_FE                    0x20000160   Data           4  stm32f4_discovery_audio_codec.o(.data)
    AUDIO_MAL_DMA_FLAG_TE                    0x20000164   Data           4  stm32f4_discovery_audio_codec.o(.data)
    AUDIO_MAL_DMA_FLAG_DME                   0x20000168   Data           4  stm32f4_discovery_audio_codec.o(.data)
    CurrentPos                               0x2000016c   Data           4  stm32f4_discovery_audio_codec.o(.data)
    stm32_crc                                0x20000180   Data           4  pdm_filter.o(.data)
    T0                                       0x20000184   Data         256  pdm_filter.o(.data)
    T1                                       0x20000284   Data         256  pdm_filter.o(.data)
    T2                                       0x20000384   Data         256  pdm_filter.o(.data)
    RCC_Clocks                               0x20000484   Data          16  main.o(.bss)
    Filter                                   0x20002094   Data          52  microphone.o(.bss)
    RecBuf                                   0x200020c8   Data          32  microphone.o(.bss)
    FIR                                      0x20002168   Data          12  dsp.o(.bss)
    outSignal                                0x20002174   Data        1024  dsp.o(.bss)
    fir_state                                0x20002574   Data        1136  dsp.o(.bss)
    DMA_InitStructure                        0x200029e4   Data          60  stm32f4_discovery_audio_codec.o(.bss)
    __initial_sp                             0x20002e20   Data           0  startup_stm32f4xx.o(STACK)



==============================================================================

Memory Map of the image

  Image Entry point : 0x08000189

  Load Region LR_IROM1 (Base: 0x08000000, Size: 0x00003584, Max: 0x00100000, ABSOLUTE, COMPRESSED[0x00003410])

    Execution Region ER_IROM1 (Base: 0x08000000, Size: 0x00003100, Max: 0x00100000, ABSOLUTE)

    Base Addr    Size         Type   Attr      Idx    E Section Name        Object

    0x08000000   0x00000188   Data   RO          266    RESET               startup_stm32f4xx.o
    0x08000188   0x00000000   Code   RO          276  * .ARM.Collect$$$$00000000  mc_w.l(entry.o)
    0x08000188   0x00000004   Code   RO          287    .ARM.Collect$$$$00000001  mc_w.l(entry2.o)
    0x0800018c   0x00000004   Code   RO          290    .ARM.Collect$$$$00000004  mc_w.l(entry5.o)
    0x08000190   0x00000000   Code   RO          292    .ARM.Collect$$$$00000008  mc_w.l(entry7b.o)
    0x08000190   0x00000000   Code   RO          294    .ARM.Collect$$$$0000000A  mc_w.l(entry8b.o)
    0x08000190   0x00000008   Code   RO          295    .ARM.Collect$$$$0000000B  mc_w.l(entry9a.o)
    0x08000198   0x00000000   Code   RO          297    .ARM.Collect$$$$0000000D  mc_w.l(entry10a.o)
    0x08000198   0x00000000   Code   RO          299    .ARM.Collect$$$$0000000F  mc_w.l(entry11a.o)
    0x08000198   0x00000004   Code   RO          288    .ARM.Collect$$$$00002712  mc_w.l(entry2.o)
    0x0800019c   0x00000024   Code   RO          267    .text               startup_stm32f4xx.o
    0x080001c0   0x00000bfc   Code   RO          268    .text               libPDMFilter_Keil.lib(pdm_filter.o)
    0x08000dbc   0x000001de   Code   RO          271    .text               arm_cortexM4lf_math.lib(arm_fir_fast_q15.o)
    0x08000f9a   0x0000002e   Code   RO          273    .text               arm_cortexM4lf_math.lib(arm_fir_init_q15.o)
    0x08000fc8   0x0000007e   Code   RO          275    .text               arm_cortexM4lf_math.lib(arm_copy_q15.o)
    0x08001046   0x00000024   Code   RO          279    .text               mc_w.l(memseta.o)
    0x0800106a   0x00000018   Code   RO          280    .text               mf_w.l(fscalb.o)
    0x08001082   0x0000014e   Code   RO          281    .text               mf_w.l(dadd.o)
    0x080011d0   0x000000e4   Code   RO          282    .text               mf_w.l(dmul.o)
    0x080012b4   0x000000de   Code   RO          283    .text               mf_w.l(ddiv.o)
    0x08001392   0x0000001a   Code   RO          284    .text               mf_w.l(dfltui.o)
    0x080013ac   0x00000032   Code   RO          285    .text               mf_w.l(dfixui.o)
    0x080013de   0x00000026   Code   RO          286    .text               mf_w.l(f2d.o)
    0x08001404   0x0000001e   Code   RO          301    .text               mc_w.l(llshl.o)
    0x08001422   0x00000020   Code   RO          302    .text               mc_w.l(llushr.o)
    0x08001442   0x00000024   Code   RO          303    .text               mc_w.l(llsshr.o)
    0x08001466   0x00000000   Code   RO          304    .text               mc_w.l(iusefp.o)
    0x08001466   0x000000ba   Code   RO          305    .text               mf_w.l(depilogue.o)
    0x08001520   0x00000024   Code   RO          306    .text               mc_w.l(init.o)
    0x08001544   0x00000056   Code   RO          312    .text               mc_w.l(__dczerorl2.o)
    0x0800159a   0x00000002   PAD
    0x0800159c   0x000000a4   Code   RO           55    i.Audio_MAL_IRQHandler  stm32f4_discovery_audio_codec.o
    0x08001640   0x00000068   Code   RO           56    i.Audio_MAL_Play    stm32f4_discovery_audio_codec.o
    0x080016a8   0x00000002   Code   RO            6    i.BusFault_Handler  stm32f4xx_it.o
    0x080016aa   0x00000002   PAD
    0x080016ac   0x000002a0   Code   RO           58    i.Codec_WriteRegister  stm32f4_discovery_audio_codec.o
    0x0800194c   0x0000001c   Code   RO           90    i.DAC_Cmd           stm32f4xx_dac.o
    0x08001968   0x00000034   Code   RO           98    i.DAC_Init          stm32f4xx_dac.o
    0x0800199c   0x00000016   Code   RO           99    i.DAC_SetChannel1Data  stm32f4xx_dac.o
    0x080019b2   0x00000004   Code   RO           60    i.DMA1_Stream0_IRQHandler  stm32f4_discovery_audio_codec.o
    0x080019b6   0x00000004   Code   RO           61    i.DMA1_Stream7_IRQHandler  stm32f4_discovery_audio_codec.o
    0x080019ba   0x00000002   PAD
    0x080019bc   0x0000002c   Code   RO          106    i.DMA_ClearFlag     stm32f4xx_dma.o
    0x080019e8   0x00000012   Code   RO          108    i.DMA_Cmd           stm32f4xx_dma.o
    0x080019fa   0x00000002   PAD
    0x080019fc   0x00000184   Code   RO          109    i.DMA_DeInit        stm32f4xx_dma.o
    0x08001b80   0x00000010   Code   RO          113    i.DMA_GetCmdStatus  stm32f4xx_dma.o
    0x08001b90   0x00000034   Code   RO          117    i.DMA_GetFlagStatus  stm32f4xx_dma.o
    0x08001bc4   0x00000040   Code   RO          119    i.DMA_ITConfig      stm32f4xx_dma.o
    0x08001c04   0x00000078   Code   RO          120    i.DMA_Init          stm32f4xx_dma.o
    0x08001c7c   0x00000002   Code   RO            7    i.DebugMon_Handler  stm32f4xx_it.o
    0x08001c7e   0x00000004   Code   RO           24    i.EVAL_AUDIO_GetSampleCallBack  headphone.o
    0x08001c82   0x00000002   PAD
    0x08001c84   0x000003ec   Code   RO           63    i.EVAL_AUDIO_Init   stm32f4_discovery_audio_codec.o
    0x08002070   0x00000098   Code   RO           67    i.EVAL_AUDIO_SetAudioInterface  stm32f4_discovery_audio_codec.o
    0x08002108   0x00000030   Code   RO           26    i.EVAL_AUDIO_TransferComplete_CallBack  headphone.o
    0x08002138   0x0000004c   Code   RO            8    i.EXTI0_IRQHandler  stm32f4xx_it.o
    0x08002184   0x0000001e   Code   RO            9    i.EXTI1_IRQHandler  stm32f4xx_it.o
    0x080021a2   0x00000002   PAD
    0x080021a4   0x0000000c   Code   RO          248    i.EXTI_ClearITPendingBit  stm32f4xx_exti.o
    0x080021b0   0x00000020   Code   RO          252    i.EXTI_GetITStatus  stm32f4xx_exti.o
    0x080021d0   0x00000090   Code   RO          253    i.EXTI_Init         stm32f4xx_exti.o
    0x08002260   0x00000090   Code   RO          127    i.GPIO_Init         stm32f4xx_gpio.o
    0x080022f0   0x00000022   Code   RO          128    i.GPIO_PinAFConfig  stm32f4xx_gpio.o
    0x08002312   0x0000000a   Code   RO          139    i.GPIO_WriteBit     stm32f4xx_gpio.o
    0x0800231c   0x00000002   Code   RO           10    i.HardFault_Handler  stm32f4xx_it.o
    0x0800231e   0x00000012   Code   RO          142    i.I2C_AcknowledgeConfig  stm32f4xx_i2c.o
    0x08002330   0x0000001a   Code   RO          144    i.I2C_CheckEvent    stm32f4xx_i2c.o
    0x0800234a   0x00000006   Code   RO          145    i.I2C_ClearFlag     stm32f4xx_i2c.o
    0x08002350   0x00000012   Code   RO          147    i.I2C_Cmd           stm32f4xx_i2c.o
    0x08002362   0x0000005c   Code   RO          150    i.I2C_DeInit        stm32f4xx_i2c.o
    0x080023be   0x00000012   Code   RO          154    i.I2C_GenerateSTART  stm32f4xx_i2c.o
    0x080023d0   0x00000012   Code   RO          155    i.I2C_GenerateSTOP  stm32f4xx_i2c.o
    0x080023e2   0x0000002a   Code   RO          156    i.I2C_GetFlagStatus  stm32f4xx_i2c.o
    0x0800240c   0x000000c4   Code   RO          161    i.I2C_Init          stm32f4xx_i2c.o
    0x080024d0   0x00000006   Code   RO          166    i.I2C_ReceiveData   stm32f4xx_i2c.o
    0x080024d6   0x00000010   Code   RO          168    i.I2C_Send7bitAddress  stm32f4xx_i2c.o
    0x080024e6   0x00000004   Code   RO          169    i.I2C_SendData      stm32f4xx_i2c.o
    0x080024ea   0x00000012   Code   RO          221    i.I2S_Cmd           stm32f4xx_spi.o
    0x080024fc   0x000000f4   Code   RO          223    i.I2S_Init          stm32f4xx_spi.o
    0x080025f0   0x00000002   Code   RO           11    i.MemManage_Handler  stm32f4xx_it.o
    0x080025f2   0x00000002   Code   RO           12    i.NMI_Handler       stm32f4xx_it.o
    0x080025f4   0x00000070   Code   RO           75    i.NVIC_Init         misc.o
    0x08002664   0x00000014   Code   RO           76    i.NVIC_PriorityGroupConfig  misc.o
    0x08002678   0x00000002   Code   RO           13    i.PendSV_Handler    stm32f4xx_it.o
    0x0800267a   0x00000002   PAD
    0x0800267c   0x00000018   Code   RO          175    i.RCC_AHB1PeriphClockCmd  stm32f4xx_rcc.o
    0x08002694   0x00000018   Code   RO          184    i.RCC_APB1PeriphClockCmd  stm32f4xx_rcc.o
    0x080026ac   0x00000018   Code   RO          186    i.RCC_APB1PeriphResetCmd  stm32f4xx_rcc.o
    0x080026c4   0x00000018   Code   RO          187    i.RCC_APB2PeriphClockCmd  stm32f4xx_rcc.o
    0x080026dc   0x00000018   Code   RO          189    i.RCC_APB2PeriphResetCmd  stm32f4xx_rcc.o
    0x080026f4   0x000000a8   Code   RO          196    i.RCC_GetClocksFreq  stm32f4xx_rcc.o
    0x0800279c   0x0000005c   Code   RO           33    i.SPI2_IRQHandler   microphone.o
    0x080027f8   0x00000040   Code   RO           70    i.SPI3_IRQHandler   stm32f4_discovery_audio_codec.o
    0x08002838   0x00000010   Code   RO          233    i.SPI_I2S_DMACmd    stm32f4xx_spi.o
    0x08002848   0x0000005c   Code   RO          234    i.SPI_I2S_DeInit    stm32f4xx_spi.o
    0x080028a4   0x0000000e   Code   RO          235    i.SPI_I2S_GetFlagStatus  stm32f4xx_spi.o
    0x080028b2   0x0000002e   Code   RO          236    i.SPI_I2S_GetITStatus  stm32f4xx_spi.o
    0x080028e0   0x0000001a   Code   RO          237    i.SPI_I2S_ITConfig  stm32f4xx_spi.o
    0x080028fa   0x00000004   Code   RO          238    i.SPI_I2S_ReceiveData  stm32f4xx_spi.o
    0x080028fe   0x00000004   Code   RO          239    i.SPI_I2S_SendData  stm32f4xx_spi.o
    0x08002902   0x00000002   PAD
    0x08002904   0x0000004c   Code   RO           45    i.STM_EVAL_LEDInit  stm32f4_discovery.o
    0x08002950   0x00000018   Code   RO           46    i.STM_EVAL_LEDOff   stm32f4_discovery.o
    0x08002968   0x00000018   Code   RO           47    i.STM_EVAL_LEDOn    stm32f4_discovery.o
    0x08002980   0x0000001c   Code   RO           48    i.STM_EVAL_LEDToggle  stm32f4_discovery.o
    0x0800299c   0x000000a4   Code   RO           50    i.STM_EVAL_PBInit   stm32f4_discovery.o
    0x08002a40   0x00000002   Code   RO           14    i.SVC_Handler       stm32f4xx_it.o
    0x08002a42   0x0000002e   Code   RO           84    i.SYSCFG_EXTILineConfig  stm32f4xx_syscfg.o
    0x08002a70   0x000000e0   Code   RO           15    i.SysTick_Handler   stm32f4xx_it.o
    0x08002b50   0x0000012c   Code   RO           20    i.SystemInit        system_stm32f4xx.o
    0x08002c7c   0x00000002   Code   RO           16    i.UsageFault_Handler  stm32f4xx_it.o
    0x08002c7e   0x00000002   PAD
    0x08002c80   0x00000120   Code   RO           27    i.WavePlayBack      headphone.o
    0x08002da0   0x00000044   Code   RO           34    i.WaveRecorderBeginSampling  microphone.o
    0x08002de4   0x00000080   Code   RO           29    i.WaveRecorderCallback  headphone.o
    0x08002e64   0x00000134   Code   RO           35    i.WaveRecorderInit  microphone.o
    0x08002f98   0x0000000e   Code   RO          309    i.__scatterload_copy  mc_w.l(handlers.o)
    0x08002fa6   0x00000002   Code   RO          310    i.__scatterload_null  mc_w.l(handlers.o)
    0x08002fa8   0x0000000e   Code   RO          311    i.__scatterload_zeroinit  mc_w.l(handlers.o)
    0x08002fb6   0x00000002   PAD
    0x08002fb8   0x00000098   Code   RO           40    i.dsp               dsp.o
    0x08003050   0x0000006c   Code   RO            2    i.main              main.o
    0x080030bc   0x00000024   Data   RO           51    .constdata          stm32f4_discovery.o
    0x080030e0   0x00000020   Data   RO          307    Region$$Table       anon$$obj.o


    Execution Region RW_IRAM1 (Base: 0x20000000, Size: 0x00002e20, Max: 0x00020000, ABSOLUTE, COMPRESSED[0x00000310])

    Base Addr    Size         Type   Attr      Idx    E Section Name        Object

    0x20000000   0x00000004   Data   RW            4    .data               main.o
    0x20000004   0x0000000c   Data   RW           17    .data               stm32f4xx_it.o
    0x20000010   0x0000000c   Data   RW           31    .data               headphone.o
    0x2000001c   0x00000018   Data   RW           38    .data               microphone.o
    0x20000034   0x000000e8   Data   RW           43    .data               dsp.o
    0x2000011c   0x00000014   Data   RW           52    .data               stm32f4_discovery.o
    0x20000130   0x00000040   Data   RW           73    .data               stm32f4_discovery_audio_codec.o
    0x20000170   0x00000010   Data   RW          219    .data               stm32f4xx_rcc.o
    0x20000180   0x00000304   Data   RW          269    .data               libPDMFilter_Keil.lib(pdm_filter.o)
    0x20000484   0x00000010   Zero   RW            3    .bss                main.o
    0x20000494   0x00001c00   Zero   RW           30    .bss                headphone.o
    0x20002094   0x000000d4   Zero   RW           37    .bss                microphone.o
    0x20002168   0x0000087c   Zero   RW           42    .bss                dsp.o
    0x200029e4   0x0000003c   Zero   RW           71    .bss                stm32f4_discovery_audio_codec.o
    0x20002a20   0x00000400   Zero   RW          264    STACK               startup_stm32f4xx.o


==============================================================================

Image component sizes


      Code (inc. data)   RO Data    RW Data    ZI Data      Debug   Object Name

       152         26          0        232       2172          0   dsp.o
       468         42          0         12       7168          0   headphone.o
       108          8          0          4         16          0   main.o
       468         62          0         24        212          0   microphone.o
       132         12          0          0          0          0   misc.o
        36          8        392          0       1024          0   startup_stm32f4xx.o
       316         60         36         20          0          0   stm32f4_discovery.o
      2168        158          0         64         60          0   stm32f4_discovery_audio_codec.o
       102          8          0          0          0          0   stm32f4xx_dac.o
       702        126          0          0          0          0   stm32f4xx_dma.o
       188         24          0          0          0          0   stm32f4xx_exti.o
       188          0          0          0          0          0   stm32f4xx_gpio.o
       460          8          0          0          0          0   stm32f4xx_i2c.o
       346         20          0         12          0          0   stm32f4xx_it.o
       288         48          0         16          0          0   stm32f4xx_rcc.o
       464         20          0          0          0          0   stm32f4xx_spi.o
        46          0          0          0          0          0   stm32f4xx_syscfg.o
       300         46          0          0          0          0   system_stm32f4xx.o

    ----------------------------------------------------------------------
      6948        676        460        384      10652          0   Object Totals
         0          0         32          0          0          0   (incl. Generated)
        16          0          0          0          0          0   (incl. Padding)

    ----------------------------------------------------------------------

      Code (inc. data)   RO Data    RW Data    ZI Data      Debug   Library Member Name

       126          0          0          0          0          0   arm_copy_q15.o
       478          0          0          0          0          0   arm_fir_fast_q15.o
        46          0          0          0          0          0   arm_fir_init_q15.o
      3068         54          0        772          0          0   pdm_filter.o
        86          0          0          0          0          0   __dczerorl2.o
         0          0          0          0          0          0   entry.o
         0          0          0          0          0          0   entry10a.o
         0          0          0          0          0          0   entry11a.o
         8          4          0          0          0          0   entry2.o
         4          0          0          0          0          0   entry5.o
         0          0          0          0          0          0   entry7b.o
         0          0          0          0          0          0   entry8b.o
         8          4          0          0          0          0   entry9a.o
        30          0          0          0          0          0   handlers.o
        36          8          0          0          0          0   init.o
         0          0          0          0          0          0   iusefp.o
        30          0          0          0          0          0   llshl.o
        36          0          0          0          0          0   llsshr.o
        32          0          0          0          0          0   llushr.o
        36          0          0          0          0          0   memseta.o
       334          0          0          0          0          0   dadd.o
       222          0          0          0          0          0   ddiv.o
       186          0          0          0          0          0   depilogue.o
        50          0          0          0          0          0   dfixui.o
        26          0          0          0          0          0   dfltui.o
       228          0          0          0          0          0   dmul.o
        38          0          0          0          0          0   f2d.o
        24          0          0          0          0          0   fscalb.o

    ----------------------------------------------------------------------
      5136         70          0        772          0          0   Library Totals
         4          0          0          0          0          0   (incl. Padding)

    ----------------------------------------------------------------------

      Code (inc. data)   RO Data    RW Data    ZI Data      Debug   Library Name

       650          0          0          0          0          0   arm_cortexM4lf_math.lib
      3068         54          0        772          0          0   libPDMFilter_Keil.lib
       306         16          0          0          0          0   mc_w.l
      1108          0          0          0          0          0   mf_w.l

    ----------------------------------------------------------------------
      5136         70          0        772          0          0   Library Totals

    ----------------------------------------------------------------------

==============================================================================


      Code (inc. data)   RO Data    RW Data    ZI Data      Debug   

     12084        746        460       1156      10652          0   Grand Totals
     12084        746        460        784      10652          0   ELF Image Totals (compressed)
     12084        746        460        784          0          0   ROM Totals

==============================================================================

    Total RO  Size (Code + RO Data)                12544 (  12.25kB)
    Total RW  Size (RW Data + ZI Data)             11808 (  11.53kB)
    Total ROM Size (Code + RO Data + RW Data)      13328 (  13.02kB)

==============================================================================

