<html>
<body>
<pre>
<h1>µVision Build Log</h1>
<h2>Tool Versions:</h2>
IDE-Version: µVision V5.14.0.0
Copyright (C) 2015 ARM Ltd and ARM Germany GmbH. All rights reserved.
License Information: Christoph Lauer, Christoph Lauer Engineering, LIC=----
 
Tool Versions:
Toolchain:       MDK-Lite  Version: 5.14.0.0
Toolchain Path:  C:\Program Files (x86)\Keil_v5\ARM\ARMCC\Bin
C Compiler:      Armcc.exe V5.05 update 1 (build 106)
Assembler:       Armasm.exe V5.05 update 1 (build 106)
Linker/Locator:  ArmLink.exe V5.05 update 1 (build 106)
Library Manager: ArmAr.exe V5.05 update 1 (build 106)
Hex Converter:   FromElf.exe V5.05 update 1 (build 106)
CPU DLL:         SARMCM3.DLL V5.14.0.0
Dialog DLL:      DCM.DLL V1.13.1.0
Target DLL:      STLink\ST-LINKIII-KEIL_SWO.dll V2.0.14.0_KEIL
Dialog DLL:      TCM.DLL V1.14.4.0
 
<h2>Project:</h2>
\\vmware-host\Shared Folders\christoph\Development\EMBEDDED\ARM\STM32F4 Discovery\src\Audio-DSP\Source\MDK-ARM\Audio-DSP.uvprojx
Project File Date:  05/19/2015

<h2>Output:</h2>
Build target 'Audio-DSP'
compiling dsp.c...
linking...
Program Size: Code=12084 RO-data=460 RW-data=1156 ZI-data=10652  
".\Audio-DSP\Audio-DSP.axf" - 0 Error(s), 0 Warning(s).

<h2>Collection of Component include folders:</h2>
  \\vmware-host\Shared Folders\christoph\Development\EMBEDDED\ARM\STM32F4 Discovery\src\Audio-DSP\Source\MDK-ARM\RTE
  C:\Program Files (x86)\Keil_v5\ARM\PACK\Keil\STM32F4xx_DFP\2.4.0

<h2>Collection of Component Files used:</h2>
</pre>
</body>
</html>
